Archive member included because of file (symbol)

c:/program files (x86)/atmel/atmel toolchain/avr8 gcc/native/3.4.1061/avr8-gnu-toolchain/bin/../lib/gcc/avr/4.8.1/../../../../avr/lib/avr6\libm.a(acos.o)
                              functions.o (acos)
c:/program files (x86)/atmel/atmel toolchain/avr8 gcc/native/3.4.1061/avr8-gnu-toolchain/bin/../lib/gcc/avr/4.8.1/../../../../avr/lib/avr6\libm.a(addsf3.o)
                              functions.o (__subsf3)
c:/program files (x86)/atmel/atmel toolchain/avr8 gcc/native/3.4.1061/avr8-gnu-toolchain/bin/../lib/gcc/avr/4.8.1/../../../../avr/lib/avr6\libm.a(addsf3x.o)
                              c:/program files (x86)/atmel/atmel toolchain/avr8 gcc/native/3.4.1061/avr8-gnu-toolchain/bin/../lib/gcc/avr/4.8.1/../../../../avr/lib/avr6\libm.a(acos.o) (__addsf3x)
c:/program files (x86)/atmel/atmel toolchain/avr8 gcc/native/3.4.1061/avr8-gnu-toolchain/bin/../lib/gcc/avr/4.8.1/../../../../avr/lib/avr6\libm.a(cmpsf2.o)
                              functions.o (__ltsf2)
c:/program files (x86)/atmel/atmel toolchain/avr8 gcc/native/3.4.1061/avr8-gnu-toolchain/bin/../lib/gcc/avr/4.8.1/../../../../avr/lib/avr6\libm.a(cos.o)
                              functions.o (cos)
c:/program files (x86)/atmel/atmel toolchain/avr8 gcc/native/3.4.1061/avr8-gnu-toolchain/bin/../lib/gcc/avr/4.8.1/../../../../avr/lib/avr6\libm.a(divsf3.o)
                              DeltaDriver.o (__divsf3)
c:/program files (x86)/atmel/atmel toolchain/avr8 gcc/native/3.4.1061/avr8-gnu-toolchain/bin/../lib/gcc/avr/4.8.1/../../../../avr/lib/avr6\libm.a(divsf3x.o)
                              c:/program files (x86)/atmel/atmel toolchain/avr8 gcc/native/3.4.1061/avr8-gnu-toolchain/bin/../lib/gcc/avr/4.8.1/../../../../avr/lib/avr6\libm.a(divsf3.o) (__divsf3x)
c:/program files (x86)/atmel/atmel toolchain/avr8 gcc/native/3.4.1061/avr8-gnu-toolchain/bin/../lib/gcc/avr/4.8.1/../../../../avr/lib/avr6\libm.a(fixsfsi.o)
                              DeltaDriver.o (__fixsfsi)
c:/program files (x86)/atmel/atmel toolchain/avr8 gcc/native/3.4.1061/avr8-gnu-toolchain/bin/../lib/gcc/avr/4.8.1/../../../../avr/lib/avr6\libm.a(fixunssfsi.o)
                              c:/program files (x86)/atmel/atmel toolchain/avr8 gcc/native/3.4.1061/avr8-gnu-toolchain/bin/../lib/gcc/avr/4.8.1/../../../../avr/lib/avr6\libm.a(fixsfsi.o) (__fixunssfsi)
c:/program files (x86)/atmel/atmel toolchain/avr8 gcc/native/3.4.1061/avr8-gnu-toolchain/bin/../lib/gcc/avr/4.8.1/../../../../avr/lib/avr6\libm.a(floatsisf.o)
                              DeltaDriver.o (__floatsisf)
c:/program files (x86)/atmel/atmel toolchain/avr8 gcc/native/3.4.1061/avr8-gnu-toolchain/bin/../lib/gcc/avr/4.8.1/../../../../avr/lib/avr6\libm.a(fp_arccos.o)
                              c:/program files (x86)/atmel/atmel toolchain/avr8 gcc/native/3.4.1061/avr8-gnu-toolchain/bin/../lib/gcc/avr/4.8.1/../../../../avr/lib/avr6\libm.a(acos.o) (__fp_arccos)
c:/program files (x86)/atmel/atmel toolchain/avr8 gcc/native/3.4.1061/avr8-gnu-toolchain/bin/../lib/gcc/avr/4.8.1/../../../../avr/lib/avr6\libm.a(fp_cmp.o)
                              c:/program files (x86)/atmel/atmel toolchain/avr8 gcc/native/3.4.1061/avr8-gnu-toolchain/bin/../lib/gcc/avr/4.8.1/../../../../avr/lib/avr6\libm.a(cmpsf2.o) (__fp_cmp)
c:/program files (x86)/atmel/atmel toolchain/avr8 gcc/native/3.4.1061/avr8-gnu-toolchain/bin/../lib/gcc/avr/4.8.1/../../../../avr/lib/avr6\libm.a(fp_inf.o)
                              c:/program files (x86)/atmel/atmel toolchain/avr8 gcc/native/3.4.1061/avr8-gnu-toolchain/bin/../lib/gcc/avr/4.8.1/../../../../avr/lib/avr6\libm.a(addsf3x.o) (__fp_inf)
c:/program files (x86)/atmel/atmel toolchain/avr8 gcc/native/3.4.1061/avr8-gnu-toolchain/bin/../lib/gcc/avr/4.8.1/../../../../avr/lib/avr6\libm.a(fp_nan.o)
                              c:/program files (x86)/atmel/atmel toolchain/avr8 gcc/native/3.4.1061/avr8-gnu-toolchain/bin/../lib/gcc/avr/4.8.1/../../../../avr/lib/avr6\libm.a(addsf3x.o) (__fp_nan)
c:/program files (x86)/atmel/atmel toolchain/avr8 gcc/native/3.4.1061/avr8-gnu-toolchain/bin/../lib/gcc/avr/4.8.1/../../../../avr/lib/avr6\libm.a(fp_powser.o)
                              c:/program files (x86)/atmel/atmel toolchain/avr8 gcc/native/3.4.1061/avr8-gnu-toolchain/bin/../lib/gcc/avr/4.8.1/../../../../avr/lib/avr6\libm.a(fp_arccos.o) (__fp_powser)
c:/program files (x86)/atmel/atmel toolchain/avr8 gcc/native/3.4.1061/avr8-gnu-toolchain/bin/../lib/gcc/avr/4.8.1/../../../../avr/lib/avr6\libm.a(fp_pscA.o)
                              c:/program files (x86)/atmel/atmel toolchain/avr8 gcc/native/3.4.1061/avr8-gnu-toolchain/bin/../lib/gcc/avr/4.8.1/../../../../avr/lib/avr6\libm.a(addsf3x.o) (__fp_pscA)
c:/program files (x86)/atmel/atmel toolchain/avr8 gcc/native/3.4.1061/avr8-gnu-toolchain/bin/../lib/gcc/avr/4.8.1/../../../../avr/lib/avr6\libm.a(fp_pscB.o)
                              c:/program files (x86)/atmel/atmel toolchain/avr8 gcc/native/3.4.1061/avr8-gnu-toolchain/bin/../lib/gcc/avr/4.8.1/../../../../avr/lib/avr6\libm.a(addsf3x.o) (__fp_pscB)
c:/program files (x86)/atmel/atmel toolchain/avr8 gcc/native/3.4.1061/avr8-gnu-toolchain/bin/../lib/gcc/avr/4.8.1/../../../../avr/lib/avr6\libm.a(fp_rempio2.o)
                              c:/program files (x86)/atmel/atmel toolchain/avr8 gcc/native/3.4.1061/avr8-gnu-toolchain/bin/../lib/gcc/avr/4.8.1/../../../../avr/lib/avr6\libm.a(cos.o) (__fp_rempio2)
c:/program files (x86)/atmel/atmel toolchain/avr8 gcc/native/3.4.1061/avr8-gnu-toolchain/bin/../lib/gcc/avr/4.8.1/../../../../avr/lib/avr6\libm.a(fp_round.o)
                              c:/program files (x86)/atmel/atmel toolchain/avr8 gcc/native/3.4.1061/avr8-gnu-toolchain/bin/../lib/gcc/avr/4.8.1/../../../../avr/lib/avr6\libm.a(acos.o) (__fp_round)
c:/program files (x86)/atmel/atmel toolchain/avr8 gcc/native/3.4.1061/avr8-gnu-toolchain/bin/../lib/gcc/avr/4.8.1/../../../../avr/lib/avr6\libm.a(fp_sinus.o)
                              c:/program files (x86)/atmel/atmel toolchain/avr8 gcc/native/3.4.1061/avr8-gnu-toolchain/bin/../lib/gcc/avr/4.8.1/../../../../avr/lib/avr6\libm.a(cos.o) (__fp_sinus)
c:/program files (x86)/atmel/atmel toolchain/avr8 gcc/native/3.4.1061/avr8-gnu-toolchain/bin/../lib/gcc/avr/4.8.1/../../../../avr/lib/avr6\libm.a(fp_split3.o)
                              c:/program files (x86)/atmel/atmel toolchain/avr8 gcc/native/3.4.1061/avr8-gnu-toolchain/bin/../lib/gcc/avr/4.8.1/../../../../avr/lib/avr6\libm.a(addsf3x.o) (__fp_split3)
c:/program files (x86)/atmel/atmel toolchain/avr8 gcc/native/3.4.1061/avr8-gnu-toolchain/bin/../lib/gcc/avr/4.8.1/../../../../avr/lib/avr6\libm.a(fp_zero.o)
                              c:/program files (x86)/atmel/atmel toolchain/avr8 gcc/native/3.4.1061/avr8-gnu-toolchain/bin/../lib/gcc/avr/4.8.1/../../../../avr/lib/avr6\libm.a(addsf3x.o) (__fp_zero)
c:/program files (x86)/atmel/atmel toolchain/avr8 gcc/native/3.4.1061/avr8-gnu-toolchain/bin/../lib/gcc/avr/4.8.1/../../../../avr/lib/avr6\libm.a(gesf2.o)
                              functions.o (__gesf2)
c:/program files (x86)/atmel/atmel toolchain/avr8 gcc/native/3.4.1061/avr8-gnu-toolchain/bin/../lib/gcc/avr/4.8.1/../../../../avr/lib/avr6\libm.a(mulsf3.o)
                              DeltaDriver.o (__mulsf3)
c:/program files (x86)/atmel/atmel toolchain/avr8 gcc/native/3.4.1061/avr8-gnu-toolchain/bin/../lib/gcc/avr/4.8.1/../../../../avr/lib/avr6\libm.a(mulsf3x.o)
                              c:/program files (x86)/atmel/atmel toolchain/avr8 gcc/native/3.4.1061/avr8-gnu-toolchain/bin/../lib/gcc/avr/4.8.1/../../../../avr/lib/avr6\libm.a(fp_arccos.o) (__mulsf3x)
c:/program files (x86)/atmel/atmel toolchain/avr8 gcc/native/3.4.1061/avr8-gnu-toolchain/bin/../lib/gcc/avr/4.8.1/../../../../avr/lib/avr6\libm.a(sin.o)
                              functions.o (sin)
c:/program files (x86)/atmel/atmel toolchain/avr8 gcc/native/3.4.1061/avr8-gnu-toolchain/bin/../lib/gcc/avr/4.8.1/../../../../avr/lib/avr6\libm.a(sqrt.o)
                              functions.o (sqrt)
c:/program files (x86)/atmel/atmel toolchain/avr8 gcc/native/3.4.1061/avr8-gnu-toolchain/bin/../lib/gcc/avr/4.8.1/../../../../avr/lib/avr6\libm.a(unordsf2.o)
                              functions.o (__unordsf2)
c:/program files (x86)/atmel/atmel toolchain/avr8 gcc/native/3.4.1061/avr8-gnu-toolchain/bin/../lib/gcc/avr/4.8.1/../../../../avr/lib/avr6\libm.a(fp_mpack.o)
                              c:/program files (x86)/atmel/atmel toolchain/avr8 gcc/native/3.4.1061/avr8-gnu-toolchain/bin/../lib/gcc/avr/4.8.1/../../../../avr/lib/avr6\libm.a(sqrt.o) (__fp_mpack)
c:/program files (x86)/atmel/atmel toolchain/avr8 gcc/native/3.4.1061/avr8-gnu-toolchain/bin/../lib/gcc/avr/4.8.1/../../../../avr/lib/avr6\libm.a(fp_norm2.o)
                              c:/program files (x86)/atmel/atmel toolchain/avr8 gcc/native/3.4.1061/avr8-gnu-toolchain/bin/../lib/gcc/avr/4.8.1/../../../../avr/lib/avr6\libm.a(sqrt.o) (__fp_norm2)
c:/program files (x86)/atmel/atmel toolchain/avr8 gcc/native/3.4.1061/avr8-gnu-toolchain/bin/../lib/gcc/avr/4.8.1/../../../../avr/lib/avr6\libm.a(fp_powsodd.o)
                              c:/program files (x86)/atmel/atmel toolchain/avr8 gcc/native/3.4.1061/avr8-gnu-toolchain/bin/../lib/gcc/avr/4.8.1/../../../../avr/lib/avr6\libm.a(fp_sinus.o) (__fp_powsodd)
../../../CM700_Library/lib\libdynamixel.a(dynamixel.o)
                              DeltaDriver.o (dxl_get_rxpacket_error)
../../../CM700_Library/lib\libdynamixel.a(dxl_hal.o)
                              ../../../CM700_Library/lib\libdynamixel.a(dynamixel.o) (dxl_hal_open)
../../../CM700_Library/lib\libserial.a(serial.o)
                              DeltaDriver.o (serial_initialize)
c:/program files (x86)/atmel/atmel toolchain/avr8 gcc/native/3.4.1061/avr8-gnu-toolchain/bin/../lib/gcc/avr/4.8.1/avr6\libgcc.a(_exit.o)
                              c:/program files (x86)/atmel/atmel toolchain/avr8 gcc/native/3.4.1061/avr8-gnu-toolchain/bin/../lib/gcc/avr/4.8.1/../../../../avr/lib/avr6/crtm2561.o (exit)
c:/program files (x86)/atmel/atmel toolchain/avr8 gcc/native/3.4.1061/avr8-gnu-toolchain/bin/../lib/gcc/avr/4.8.1/avr6\libgcc.a(_copy_data.o)
                              DeltaDriver.o (__do_copy_data)
c:/program files (x86)/atmel/atmel toolchain/avr8 gcc/native/3.4.1061/avr8-gnu-toolchain/bin/../lib/gcc/avr/4.8.1/avr6\libgcc.a(_clear_bss.o)
                              DeltaDriver.o (__do_clear_bss)
c:/program files (x86)/atmel/atmel toolchain/avr8 gcc/native/3.4.1061/avr8-gnu-toolchain/bin/../lib/gcc/avr/4.8.1/../../../../avr/lib/avr6\libc.a(fdevopen.o)
                              ../../../CM700_Library/lib\libserial.a(serial.o) (fdevopen)
c:/program files (x86)/atmel/atmel toolchain/avr8 gcc/native/3.4.1061/avr8-gnu-toolchain/bin/../lib/gcc/avr/4.8.1/../../../../avr/lib/avr6\libc.a(fgetc.o)
                              DeltaDriver.o (fgetc)
c:/program files (x86)/atmel/atmel toolchain/avr8 gcc/native/3.4.1061/avr8-gnu-toolchain/bin/../lib/gcc/avr/4.8.1/../../../../avr/lib/avr6\libc.a(fwrite.o)
                              functions.o (fwrite)
c:/program files (x86)/atmel/atmel toolchain/avr8 gcc/native/3.4.1061/avr8-gnu-toolchain/bin/../lib/gcc/avr/4.8.1/../../../../avr/lib/avr6\libc.a(iob.o)
                              DeltaDriver.o (__iob)
c:/program files (x86)/atmel/atmel toolchain/avr8 gcc/native/3.4.1061/avr8-gnu-toolchain/bin/../lib/gcc/avr/4.8.1/../../../../avr/lib/avr6\libc.a(printf.o)
                              functions.o (printf)
c:/program files (x86)/atmel/atmel toolchain/avr8 gcc/native/3.4.1061/avr8-gnu-toolchain/bin/../lib/gcc/avr/4.8.1/../../../../avr/lib/avr6\libc.a(puts.o)
                              DeltaDriver.o (puts)
c:/program files (x86)/atmel/atmel toolchain/avr8 gcc/native/3.4.1061/avr8-gnu-toolchain/bin/../lib/gcc/avr/4.8.1/../../../../avr/lib/avr6\libc.a(vfprintf_std.o)
                              c:/program files (x86)/atmel/atmel toolchain/avr8 gcc/native/3.4.1061/avr8-gnu-toolchain/bin/../lib/gcc/avr/4.8.1/../../../../avr/lib/avr6\libc.a(printf.o) (vfprintf)
c:/program files (x86)/atmel/atmel toolchain/avr8 gcc/native/3.4.1061/avr8-gnu-toolchain/bin/../lib/gcc/avr/4.8.1/../../../../avr/lib/avr6\libc.a(calloc.o)
                              c:/program files (x86)/atmel/atmel toolchain/avr8 gcc/native/3.4.1061/avr8-gnu-toolchain/bin/../lib/gcc/avr/4.8.1/../../../../avr/lib/avr6\libc.a(fdevopen.o) (calloc)
c:/program files (x86)/atmel/atmel toolchain/avr8 gcc/native/3.4.1061/avr8-gnu-toolchain/bin/../lib/gcc/avr/4.8.1/../../../../avr/lib/avr6\libc.a(malloc.o)
                              c:/program files (x86)/atmel/atmel toolchain/avr8 gcc/native/3.4.1061/avr8-gnu-toolchain/bin/../lib/gcc/avr/4.8.1/../../../../avr/lib/avr6\libc.a(calloc.o) (malloc)
c:/program files (x86)/atmel/atmel toolchain/avr8 gcc/native/3.4.1061/avr8-gnu-toolchain/bin/../lib/gcc/avr/4.8.1/../../../../avr/lib/avr6\libc.a(strnlen_P.o)
                              c:/program files (x86)/atmel/atmel toolchain/avr8 gcc/native/3.4.1061/avr8-gnu-toolchain/bin/../lib/gcc/avr/4.8.1/../../../../avr/lib/avr6\libc.a(vfprintf_std.o) (strnlen_P)
c:/program files (x86)/atmel/atmel toolchain/avr8 gcc/native/3.4.1061/avr8-gnu-toolchain/bin/../lib/gcc/avr/4.8.1/../../../../avr/lib/avr6\libc.a(memset.o)
                              c:/program files (x86)/atmel/atmel toolchain/avr8 gcc/native/3.4.1061/avr8-gnu-toolchain/bin/../lib/gcc/avr/4.8.1/../../../../avr/lib/avr6\libc.a(calloc.o) (memset)
c:/program files (x86)/atmel/atmel toolchain/avr8 gcc/native/3.4.1061/avr8-gnu-toolchain/bin/../lib/gcc/avr/4.8.1/../../../../avr/lib/avr6\libc.a(strnlen.o)
                              c:/program files (x86)/atmel/atmel toolchain/avr8 gcc/native/3.4.1061/avr8-gnu-toolchain/bin/../lib/gcc/avr/4.8.1/../../../../avr/lib/avr6\libc.a(vfprintf_std.o) (strnlen)
c:/program files (x86)/atmel/atmel toolchain/avr8 gcc/native/3.4.1061/avr8-gnu-toolchain/bin/../lib/gcc/avr/4.8.1/../../../../avr/lib/avr6\libc.a(fputc.o)
                              c:/program files (x86)/atmel/atmel toolchain/avr8 gcc/native/3.4.1061/avr8-gnu-toolchain/bin/../lib/gcc/avr/4.8.1/../../../../avr/lib/avr6\libc.a(vfprintf_std.o) (fputc)
c:/program files (x86)/atmel/atmel toolchain/avr8 gcc/native/3.4.1061/avr8-gnu-toolchain/bin/../lib/gcc/avr/4.8.1/../../../../avr/lib/avr6\libc.a(ultoa_invert.o)
                              c:/program files (x86)/atmel/atmel toolchain/avr8 gcc/native/3.4.1061/avr8-gnu-toolchain/bin/../lib/gcc/avr/4.8.1/../../../../avr/lib/avr6\libc.a(vfprintf_std.o) (__ultoa_invert)

Allocating common symbols
Common symbol       size              file

gwReturnDelayCountNum
                    0x2               ../../../CM700_Library/lib\libdynamixel.a(dxl_hal.o)
__brkval            0x2               c:/program files (x86)/atmel/atmel toolchain/avr8 gcc/native/3.4.1061/avr8-gnu-toolchain/bin/../lib/gcc/avr/4.8.1/../../../../avr/lib/avr6\libc.a(malloc.o)
gfByteTransTime_us  0x4               ../../../CM700_Library/lib\libdynamixel.a(dxl_hal.o)
gwTimeoutCountNum   0x2               ../../../CM700_Library/lib\libdynamixel.a(dxl_hal.o)
gwCountNum          0x2               ../../../CM700_Library/lib\libdynamixel.a(dxl_hal.o)
__flp               0x2               c:/program files (x86)/atmel/atmel toolchain/avr8 gcc/native/3.4.1061/avr8-gnu-toolchain/bin/../lib/gcc/avr/4.8.1/../../../../avr/lib/avr6\libc.a(malloc.o)
__iob               0x6               c:/program files (x86)/atmel/atmel toolchain/avr8 gcc/native/3.4.1061/avr8-gnu-toolchain/bin/../lib/gcc/avr/4.8.1/../../../../avr/lib/avr6\libc.a(iob.o)

Discarded input sections

 .data          0x00000000        0x0 c:/program files (x86)/atmel/atmel toolchain/avr8 gcc/native/3.4.1061/avr8-gnu-toolchain/bin/../lib/gcc/avr/4.8.1/../../../../avr/lib/avr6/crtm2561.o
 .bss           0x00000000        0x0 c:/program files (x86)/atmel/atmel toolchain/avr8 gcc/native/3.4.1061/avr8-gnu-toolchain/bin/../lib/gcc/avr/4.8.1/../../../../avr/lib/avr6/crtm2561.o
 .group         0x00000000        0x8 DeltaDriver.o
 .group         0x00000000        0x8 DeltaDriver.o
 .group         0x00000000        0x8 DeltaDriver.o
 .group         0x00000000        0x8 DeltaDriver.o
 .group         0x00000000        0x8 DeltaDriver.o
 .group         0x00000000        0x8 DeltaDriver.o
 .group         0x00000000        0x8 DeltaDriver.o
 .group         0x00000000        0x8 DeltaDriver.o
 .group         0x00000000        0x8 DeltaDriver.o
 .group         0x00000000        0x8 DeltaDriver.o
 .group         0x00000000        0x8 DeltaDriver.o
 .group         0x00000000        0x8 DeltaDriver.o
 .group         0x00000000        0x8 DeltaDriver.o
 .group         0x00000000        0x8 DeltaDriver.o
 .group         0x00000000        0x8 DeltaDriver.o
 .group         0x00000000        0x8 DeltaDriver.o
 .group         0x00000000        0x8 DeltaDriver.o
 .group         0x00000000        0x8 DeltaDriver.o
 .group         0x00000000        0x8 DeltaDriver.o
 .group         0x00000000        0x8 DeltaDriver.o
 .group         0x00000000        0x8 DeltaDriver.o
 .group         0x00000000        0x8 DeltaDriver.o
 .group         0x00000000        0x8 DeltaDriver.o
 .group         0x00000000        0x8 DeltaDriver.o
 .group         0x00000000        0x8 DeltaDriver.o
 .text          0x00000000        0x0 DeltaDriver.o
 .data          0x00000000        0x0 DeltaDriver.o
 .bss           0x00000000        0x0 DeltaDriver.o
 .text.PrintCommStatus
                0x00000000        0x2 DeltaDriver.o
 .text.PrintErrorCode
                0x00000000       0x3a DeltaDriver.o
 .group         0x00000000        0x8 functions.o
 .group         0x00000000        0x8 functions.o
 .group         0x00000000        0x8 functions.o
 .group         0x00000000        0x8 functions.o
 .group         0x00000000        0x8 functions.o
 .group         0x00000000        0x8 functions.o
 .group         0x00000000        0x8 functions.o
 .group         0x00000000        0x8 functions.o
 .group         0x00000000        0x8 functions.o
 .group         0x00000000        0x8 functions.o
 .group         0x00000000        0x8 functions.o
 .group         0x00000000        0x8 functions.o
 .group         0x00000000        0x8 functions.o
 .text          0x00000000        0x0 functions.o
 .data          0x00000000        0x0 functions.o
 .bss           0x00000000        0x0 functions.o
 .text.processArgOptions
                0x00000000      0x1cc functions.o
 .text.sqr      0x00000000        0xa functions.o
 .text.removeExtraneous
                0x00000000      0x13c functions.o
 .text.modAngle
                0x00000000       0x74 functions.o
 .text.minInd1  0x00000000       0xda functions.o
 .text.minInd2  0x00000000      0x136 functions.o
 .text.extractAngleSolution
                0x00000000       0xc4 functions.o
 .text.getAngle1
                0x00000000      0x51e functions.o
 .text.getAngle2
                0x00000000      0x7dc functions.o
 .text.getAngle3
                0x00000000      0x7dc functions.o
 .text.getAngles
                0x00000000      0x156 functions.o
 .text.generateInverseTable
                0x00000000      0x1c8 functions.o
 .rodata.str1.1
                0x00000000       0x57 functions.o
 .text.indexToPoint
                0x00000000       0x8c functions.o
 .text.pointToIndex
                0x00000000       0x84 functions.o
 .text.printAngles
                0x00000000       0x54 functions.o
 .debug_macro   0x00000000      0xa5a functions.o
 .debug_macro   0x00000000      0x1ad functions.o
 .debug_macro   0x00000000      0x293 functions.o
 .debug_macro   0x00000000       0x58 functions.o
 .debug_macro   0x00000000       0x10 functions.o
 .debug_macro   0x00000000       0x97 functions.o
 .debug_macro   0x00000000       0xeb functions.o
 .debug_macro   0x00000000       0x1c functions.o
 .debug_macro   0x00000000       0x97 functions.o
 .debug_macro   0x00000000      0x183 functions.o
 .debug_macro   0x00000000       0x64 functions.o
 .text          0x00000000        0x0 c:/program files (x86)/atmel/atmel toolchain/avr8 gcc/native/3.4.1061/avr8-gnu-toolchain/bin/../lib/gcc/avr/4.8.1/../../../../avr/lib/avr6\libm.a(acos.o)
 .data          0x00000000        0x0 c:/program files (x86)/atmel/atmel toolchain/avr8 gcc/native/3.4.1061/avr8-gnu-toolchain/bin/../lib/gcc/avr/4.8.1/../../../../avr/lib/avr6\libm.a(acos.o)
 .bss           0x00000000        0x0 c:/program files (x86)/atmel/atmel toolchain/avr8 gcc/native/3.4.1061/avr8-gnu-toolchain/bin/../lib/gcc/avr/4.8.1/../../../../avr/lib/avr6\libm.a(acos.o)
 .text.avr-libc.fplib
                0x00000000       0x1c c:/program files (x86)/atmel/atmel toolchain/avr8 gcc/native/3.4.1061/avr8-gnu-toolchain/bin/../lib/gcc/avr/4.8.1/../../../../avr/lib/avr6\libm.a(acos.o)
 .text          0x00000000        0x0 c:/program files (x86)/atmel/atmel toolchain/avr8 gcc/native/3.4.1061/avr8-gnu-toolchain/bin/../lib/gcc/avr/4.8.1/../../../../avr/lib/avr6\libm.a(addsf3.o)
 .data          0x00000000        0x0 c:/program files (x86)/atmel/atmel toolchain/avr8 gcc/native/3.4.1061/avr8-gnu-toolchain/bin/../lib/gcc/avr/4.8.1/../../../../avr/lib/avr6\libm.a(addsf3.o)
 .bss           0x00000000        0x0 c:/program files (x86)/atmel/atmel toolchain/avr8 gcc/native/3.4.1061/avr8-gnu-toolchain/bin/../lib/gcc/avr/4.8.1/../../../../avr/lib/avr6\libm.a(addsf3.o)
 .text          0x00000000        0x0 c:/program files (x86)/atmel/atmel toolchain/avr8 gcc/native/3.4.1061/avr8-gnu-toolchain/bin/../lib/gcc/avr/4.8.1/../../../../avr/lib/avr6\libm.a(addsf3x.o)
 .data          0x00000000        0x0 c:/program files (x86)/atmel/atmel toolchain/avr8 gcc/native/3.4.1061/avr8-gnu-toolchain/bin/../lib/gcc/avr/4.8.1/../../../../avr/lib/avr6\libm.a(addsf3x.o)
 .bss           0x00000000        0x0 c:/program files (x86)/atmel/atmel toolchain/avr8 gcc/native/3.4.1061/avr8-gnu-toolchain/bin/../lib/gcc/avr/4.8.1/../../../../avr/lib/avr6\libm.a(addsf3x.o)
 .text          0x00000000        0x0 c:/program files (x86)/atmel/atmel toolchain/avr8 gcc/native/3.4.1061/avr8-gnu-toolchain/bin/../lib/gcc/avr/4.8.1/../../../../avr/lib/avr6\libm.a(cmpsf2.o)
 .data          0x00000000        0x0 c:/program files (x86)/atmel/atmel toolchain/avr8 gcc/native/3.4.1061/avr8-gnu-toolchain/bin/../lib/gcc/avr/4.8.1/../../../../avr/lib/avr6\libm.a(cmpsf2.o)
 .bss           0x00000000        0x0 c:/program files (x86)/atmel/atmel toolchain/avr8 gcc/native/3.4.1061/avr8-gnu-toolchain/bin/../lib/gcc/avr/4.8.1/../../../../avr/lib/avr6\libm.a(cmpsf2.o)
 .text          0x00000000        0x0 c:/program files (x86)/atmel/atmel toolchain/avr8 gcc/native/3.4.1061/avr8-gnu-toolchain/bin/../lib/gcc/avr/4.8.1/../../../../avr/lib/avr6\libm.a(cos.o)
 .data          0x00000000        0x0 c:/program files (x86)/atmel/atmel toolchain/avr8 gcc/native/3.4.1061/avr8-gnu-toolchain/bin/../lib/gcc/avr/4.8.1/../../../../avr/lib/avr6\libm.a(cos.o)
 .bss           0x00000000        0x0 c:/program files (x86)/atmel/atmel toolchain/avr8 gcc/native/3.4.1061/avr8-gnu-toolchain/bin/../lib/gcc/avr/4.8.1/../../../../avr/lib/avr6\libm.a(cos.o)
 .text.avr-libc.fplib
                0x00000000        0x6 c:/program files (x86)/atmel/atmel toolchain/avr8 gcc/native/3.4.1061/avr8-gnu-toolchain/bin/../lib/gcc/avr/4.8.1/../../../../avr/lib/avr6\libm.a(cos.o)
 .text          0x00000000        0x0 c:/program files (x86)/atmel/atmel toolchain/avr8 gcc/native/3.4.1061/avr8-gnu-toolchain/bin/../lib/gcc/avr/4.8.1/../../../../avr/lib/avr6\libm.a(divsf3.o)
 .data          0x00000000        0x0 c:/program files (x86)/atmel/atmel toolchain/avr8 gcc/native/3.4.1061/avr8-gnu-toolchain/bin/../lib/gcc/avr/4.8.1/../../../../avr/lib/avr6\libm.a(divsf3.o)
 .bss           0x00000000        0x0 c:/program files (x86)/atmel/atmel toolchain/avr8 gcc/native/3.4.1061/avr8-gnu-toolchain/bin/../lib/gcc/avr/4.8.1/../../../../avr/lib/avr6\libm.a(divsf3.o)
 .text          0x00000000        0x0 c:/program files (x86)/atmel/atmel toolchain/avr8 gcc/native/3.4.1061/avr8-gnu-toolchain/bin/../lib/gcc/avr/4.8.1/../../../../avr/lib/avr6\libm.a(divsf3x.o)
 .data          0x00000000        0x0 c:/program files (x86)/atmel/atmel toolchain/avr8 gcc/native/3.4.1061/avr8-gnu-toolchain/bin/../lib/gcc/avr/4.8.1/../../../../avr/lib/avr6\libm.a(divsf3x.o)
 .bss           0x00000000        0x0 c:/program files (x86)/atmel/atmel toolchain/avr8 gcc/native/3.4.1061/avr8-gnu-toolchain/bin/../lib/gcc/avr/4.8.1/../../../../avr/lib/avr6\libm.a(divsf3x.o)
 .text          0x00000000        0x0 c:/program files (x86)/atmel/atmel toolchain/avr8 gcc/native/3.4.1061/avr8-gnu-toolchain/bin/../lib/gcc/avr/4.8.1/../../../../avr/lib/avr6\libm.a(fixsfsi.o)
 .data          0x00000000        0x0 c:/program files (x86)/atmel/atmel toolchain/avr8 gcc/native/3.4.1061/avr8-gnu-toolchain/bin/../lib/gcc/avr/4.8.1/../../../../avr/lib/avr6\libm.a(fixsfsi.o)
 .bss           0x00000000        0x0 c:/program files (x86)/atmel/atmel toolchain/avr8 gcc/native/3.4.1061/avr8-gnu-toolchain/bin/../lib/gcc/avr/4.8.1/../../../../avr/lib/avr6\libm.a(fixsfsi.o)
 .text          0x00000000        0x0 c:/program files (x86)/atmel/atmel toolchain/avr8 gcc/native/3.4.1061/avr8-gnu-toolchain/bin/../lib/gcc/avr/4.8.1/../../../../avr/lib/avr6\libm.a(fixunssfsi.o)
 .data          0x00000000        0x0 c:/program files (x86)/atmel/atmel toolchain/avr8 gcc/native/3.4.1061/avr8-gnu-toolchain/bin/../lib/gcc/avr/4.8.1/../../../../avr/lib/avr6\libm.a(fixunssfsi.o)
 .bss           0x00000000        0x0 c:/program files (x86)/atmel/atmel toolchain/avr8 gcc/native/3.4.1061/avr8-gnu-toolchain/bin/../lib/gcc/avr/4.8.1/../../../../avr/lib/avr6\libm.a(fixunssfsi.o)
 .text          0x00000000        0x0 c:/program files (x86)/atmel/atmel toolchain/avr8 gcc/native/3.4.1061/avr8-gnu-toolchain/bin/../lib/gcc/avr/4.8.1/../../../../avr/lib/avr6\libm.a(floatsisf.o)
 .data          0x00000000        0x0 c:/program files (x86)/atmel/atmel toolchain/avr8 gcc/native/3.4.1061/avr8-gnu-toolchain/bin/../lib/gcc/avr/4.8.1/../../../../avr/lib/avr6\libm.a(floatsisf.o)
 .bss           0x00000000        0x0 c:/program files (x86)/atmel/atmel toolchain/avr8 gcc/native/3.4.1061/avr8-gnu-toolchain/bin/../lib/gcc/avr/4.8.1/../../../../avr/lib/avr6\libm.a(floatsisf.o)
 .text          0x00000000        0x0 c:/program files (x86)/atmel/atmel toolchain/avr8 gcc/native/3.4.1061/avr8-gnu-toolchain/bin/../lib/gcc/avr/4.8.1/../../../../avr/lib/avr6\libm.a(fp_arccos.o)
 .data          0x00000000        0x0 c:/program files (x86)/atmel/atmel toolchain/avr8 gcc/native/3.4.1061/avr8-gnu-toolchain/bin/../lib/gcc/avr/4.8.1/../../../../avr/lib/avr6\libm.a(fp_arccos.o)
 .bss           0x00000000        0x0 c:/program files (x86)/atmel/atmel toolchain/avr8 gcc/native/3.4.1061/avr8-gnu-toolchain/bin/../lib/gcc/avr/4.8.1/../../../../avr/lib/avr6\libm.a(fp_arccos.o)
 .text.avr-libc.fplib
                0x00000000       0x36 c:/program files (x86)/atmel/atmel toolchain/avr8 gcc/native/3.4.1061/avr8-gnu-toolchain/bin/../lib/gcc/avr/4.8.1/../../../../avr/lib/avr6\libm.a(fp_arccos.o)
 .progmem.gcc_fplib
                0x00000000       0x28 c:/program files (x86)/atmel/atmel toolchain/avr8 gcc/native/3.4.1061/avr8-gnu-toolchain/bin/../lib/gcc/avr/4.8.1/../../../../avr/lib/avr6\libm.a(fp_arccos.o)
 .text          0x00000000        0x0 c:/program files (x86)/atmel/atmel toolchain/avr8 gcc/native/3.4.1061/avr8-gnu-toolchain/bin/../lib/gcc/avr/4.8.1/../../../../avr/lib/avr6\libm.a(fp_cmp.o)
 .data          0x00000000        0x0 c:/program files (x86)/atmel/atmel toolchain/avr8 gcc/native/3.4.1061/avr8-gnu-toolchain/bin/../lib/gcc/avr/4.8.1/../../../../avr/lib/avr6\libm.a(fp_cmp.o)
 .bss           0x00000000        0x0 c:/program files (x86)/atmel/atmel toolchain/avr8 gcc/native/3.4.1061/avr8-gnu-toolchain/bin/../lib/gcc/avr/4.8.1/../../../../avr/lib/avr6\libm.a(fp_cmp.o)
 .text          0x00000000        0x0 c:/program files (x86)/atmel/atmel toolchain/avr8 gcc/native/3.4.1061/avr8-gnu-toolchain/bin/../lib/gcc/avr/4.8.1/../../../../avr/lib/avr6\libm.a(fp_inf.o)
 .data          0x00000000        0x0 c:/program files (x86)/atmel/atmel toolchain/avr8 gcc/native/3.4.1061/avr8-gnu-toolchain/bin/../lib/gcc/avr/4.8.1/../../../../avr/lib/avr6\libm.a(fp_inf.o)
 .bss           0x00000000        0x0 c:/program files (x86)/atmel/atmel toolchain/avr8 gcc/native/3.4.1061/avr8-gnu-toolchain/bin/../lib/gcc/avr/4.8.1/../../../../avr/lib/avr6\libm.a(fp_inf.o)
 .text          0x00000000        0x0 c:/program files (x86)/atmel/atmel toolchain/avr8 gcc/native/3.4.1061/avr8-gnu-toolchain/bin/../lib/gcc/avr/4.8.1/../../../../avr/lib/avr6\libm.a(fp_nan.o)
 .data          0x00000000        0x0 c:/program files (x86)/atmel/atmel toolchain/avr8 gcc/native/3.4.1061/avr8-gnu-toolchain/bin/../lib/gcc/avr/4.8.1/../../../../avr/lib/avr6\libm.a(fp_nan.o)
 .bss           0x00000000        0x0 c:/program files (x86)/atmel/atmel toolchain/avr8 gcc/native/3.4.1061/avr8-gnu-toolchain/bin/../lib/gcc/avr/4.8.1/../../../../avr/lib/avr6\libm.a(fp_nan.o)
 .text          0x00000000        0x0 c:/program files (x86)/atmel/atmel toolchain/avr8 gcc/native/3.4.1061/avr8-gnu-toolchain/bin/../lib/gcc/avr/4.8.1/../../../../avr/lib/avr6\libm.a(fp_powser.o)
 .data          0x00000000        0x0 c:/program files (x86)/atmel/atmel toolchain/avr8 gcc/native/3.4.1061/avr8-gnu-toolchain/bin/../lib/gcc/avr/4.8.1/../../../../avr/lib/avr6\libm.a(fp_powser.o)
 .bss           0x00000000        0x0 c:/program files (x86)/atmel/atmel toolchain/avr8 gcc/native/3.4.1061/avr8-gnu-toolchain/bin/../lib/gcc/avr/4.8.1/../../../../avr/lib/avr6\libm.a(fp_powser.o)
 .text.avr-libc.fplib
                0x00000000       0x4a c:/program files (x86)/atmel/atmel toolchain/avr8 gcc/native/3.4.1061/avr8-gnu-toolchain/bin/../lib/gcc/avr/4.8.1/../../../../avr/lib/avr6\libm.a(fp_powser.o)
 .text          0x00000000        0x0 c:/program files (x86)/atmel/atmel toolchain/avr8 gcc/native/3.4.1061/avr8-gnu-toolchain/bin/../lib/gcc/avr/4.8.1/../../../../avr/lib/avr6\libm.a(fp_pscA.o)
 .data          0x00000000        0x0 c:/program files (x86)/atmel/atmel toolchain/avr8 gcc/native/3.4.1061/avr8-gnu-toolchain/bin/../lib/gcc/avr/4.8.1/../../../../avr/lib/avr6\libm.a(fp_pscA.o)
 .bss           0x00000000        0x0 c:/program files (x86)/atmel/atmel toolchain/avr8 gcc/native/3.4.1061/avr8-gnu-toolchain/bin/../lib/gcc/avr/4.8.1/../../../../avr/lib/avr6\libm.a(fp_pscA.o)
 .text          0x00000000        0x0 c:/program files (x86)/atmel/atmel toolchain/avr8 gcc/native/3.4.1061/avr8-gnu-toolchain/bin/../lib/gcc/avr/4.8.1/../../../../avr/lib/avr6\libm.a(fp_pscB.o)
 .data          0x00000000        0x0 c:/program files (x86)/atmel/atmel toolchain/avr8 gcc/native/3.4.1061/avr8-gnu-toolchain/bin/../lib/gcc/avr/4.8.1/../../../../avr/lib/avr6\libm.a(fp_pscB.o)
 .bss           0x00000000        0x0 c:/program files (x86)/atmel/atmel toolchain/avr8 gcc/native/3.4.1061/avr8-gnu-toolchain/bin/../lib/gcc/avr/4.8.1/../../../../avr/lib/avr6\libm.a(fp_pscB.o)
 .text          0x00000000        0x0 c:/program files (x86)/atmel/atmel toolchain/avr8 gcc/native/3.4.1061/avr8-gnu-toolchain/bin/../lib/gcc/avr/4.8.1/../../../../avr/lib/avr6\libm.a(fp_rempio2.o)
 .data          0x00000000        0x0 c:/program files (x86)/atmel/atmel toolchain/avr8 gcc/native/3.4.1061/avr8-gnu-toolchain/bin/../lib/gcc/avr/4.8.1/../../../../avr/lib/avr6\libm.a(fp_rempio2.o)
 .bss           0x00000000        0x0 c:/program files (x86)/atmel/atmel toolchain/avr8 gcc/native/3.4.1061/avr8-gnu-toolchain/bin/../lib/gcc/avr/4.8.1/../../../../avr/lib/avr6\libm.a(fp_rempio2.o)
 .text.avr-libc.fplib
                0x00000000       0x50 c:/program files (x86)/atmel/atmel toolchain/avr8 gcc/native/3.4.1061/avr8-gnu-toolchain/bin/../lib/gcc/avr/4.8.1/../../../../avr/lib/avr6\libm.a(fp_rempio2.o)
 .text          0x00000000        0x0 c:/program files (x86)/atmel/atmel toolchain/avr8 gcc/native/3.4.1061/avr8-gnu-toolchain/bin/../lib/gcc/avr/4.8.1/../../../../avr/lib/avr6\libm.a(fp_round.o)
 .data          0x00000000        0x0 c:/program files (x86)/atmel/atmel toolchain/avr8 gcc/native/3.4.1061/avr8-gnu-toolchain/bin/../lib/gcc/avr/4.8.1/../../../../avr/lib/avr6\libm.a(fp_round.o)
 .bss           0x00000000        0x0 c:/program files (x86)/atmel/atmel toolchain/avr8 gcc/native/3.4.1061/avr8-gnu-toolchain/bin/../lib/gcc/avr/4.8.1/../../../../avr/lib/avr6\libm.a(fp_round.o)
 .text          0x00000000        0x0 c:/program files (x86)/atmel/atmel toolchain/avr8 gcc/native/3.4.1061/avr8-gnu-toolchain/bin/../lib/gcc/avr/4.8.1/../../../../avr/lib/avr6\libm.a(fp_sinus.o)
 .data          0x00000000        0x0 c:/program files (x86)/atmel/atmel toolchain/avr8 gcc/native/3.4.1061/avr8-gnu-toolchain/bin/../lib/gcc/avr/4.8.1/../../../../avr/lib/avr6\libm.a(fp_sinus.o)
 .bss           0x00000000        0x0 c:/program files (x86)/atmel/atmel toolchain/avr8 gcc/native/3.4.1061/avr8-gnu-toolchain/bin/../lib/gcc/avr/4.8.1/../../../../avr/lib/avr6\libm.a(fp_sinus.o)
 .text.avr-libc.fplib
                0x00000000       0x22 c:/program files (x86)/atmel/atmel toolchain/avr8 gcc/native/3.4.1061/avr8-gnu-toolchain/bin/../lib/gcc/avr/4.8.1/../../../../avr/lib/avr6\libm.a(fp_sinus.o)
 .progmem.gcc_fplib
                0x00000000       0x1e c:/program files (x86)/atmel/atmel toolchain/avr8 gcc/native/3.4.1061/avr8-gnu-toolchain/bin/../lib/gcc/avr/4.8.1/../../../../avr/lib/avr6\libm.a(fp_sinus.o)
 .text          0x00000000        0x0 c:/program files (x86)/atmel/atmel toolchain/avr8 gcc/native/3.4.1061/avr8-gnu-toolchain/bin/../lib/gcc/avr/4.8.1/../../../../avr/lib/avr6\libm.a(fp_split3.o)
 .data          0x00000000        0x0 c:/program files (x86)/atmel/atmel toolchain/avr8 gcc/native/3.4.1061/avr8-gnu-toolchain/bin/../lib/gcc/avr/4.8.1/../../../../avr/lib/avr6\libm.a(fp_split3.o)
 .bss           0x00000000        0x0 c:/program files (x86)/atmel/atmel toolchain/avr8 gcc/native/3.4.1061/avr8-gnu-toolchain/bin/../lib/gcc/avr/4.8.1/../../../../avr/lib/avr6\libm.a(fp_split3.o)
 .text          0x00000000        0x0 c:/program files (x86)/atmel/atmel toolchain/avr8 gcc/native/3.4.1061/avr8-gnu-toolchain/bin/../lib/gcc/avr/4.8.1/../../../../avr/lib/avr6\libm.a(fp_zero.o)
 .data          0x00000000        0x0 c:/program files (x86)/atmel/atmel toolchain/avr8 gcc/native/3.4.1061/avr8-gnu-toolchain/bin/../lib/gcc/avr/4.8.1/../../../../avr/lib/avr6\libm.a(fp_zero.o)
 .bss           0x00000000        0x0 c:/program files (x86)/atmel/atmel toolchain/avr8 gcc/native/3.4.1061/avr8-gnu-toolchain/bin/../lib/gcc/avr/4.8.1/../../../../avr/lib/avr6\libm.a(fp_zero.o)
 .text          0x00000000        0x0 c:/program files (x86)/atmel/atmel toolchain/avr8 gcc/native/3.4.1061/avr8-gnu-toolchain/bin/../lib/gcc/avr/4.8.1/../../../../avr/lib/avr6\libm.a(gesf2.o)
 .data          0x00000000        0x0 c:/program files (x86)/atmel/atmel toolchain/avr8 gcc/native/3.4.1061/avr8-gnu-toolchain/bin/../lib/gcc/avr/4.8.1/../../../../avr/lib/avr6\libm.a(gesf2.o)
 .bss           0x00000000        0x0 c:/program files (x86)/atmel/atmel toolchain/avr8 gcc/native/3.4.1061/avr8-gnu-toolchain/bin/../lib/gcc/avr/4.8.1/../../../../avr/lib/avr6\libm.a(gesf2.o)
 .text          0x00000000        0x0 c:/program files (x86)/atmel/atmel toolchain/avr8 gcc/native/3.4.1061/avr8-gnu-toolchain/bin/../lib/gcc/avr/4.8.1/../../../../avr/lib/avr6\libm.a(mulsf3.o)
 .data          0x00000000        0x0 c:/program files (x86)/atmel/atmel toolchain/avr8 gcc/native/3.4.1061/avr8-gnu-toolchain/bin/../lib/gcc/avr/4.8.1/../../../../avr/lib/avr6\libm.a(mulsf3.o)
 .bss           0x00000000        0x0 c:/program files (x86)/atmel/atmel toolchain/avr8 gcc/native/3.4.1061/avr8-gnu-toolchain/bin/../lib/gcc/avr/4.8.1/../../../../avr/lib/avr6\libm.a(mulsf3.o)
 .text          0x00000000        0x0 c:/program files (x86)/atmel/atmel toolchain/avr8 gcc/native/3.4.1061/avr8-gnu-toolchain/bin/../lib/gcc/avr/4.8.1/../../../../avr/lib/avr6\libm.a(mulsf3x.o)
 .data          0x00000000        0x0 c:/program files (x86)/atmel/atmel toolchain/avr8 gcc/native/3.4.1061/avr8-gnu-toolchain/bin/../lib/gcc/avr/4.8.1/../../../../avr/lib/avr6\libm.a(mulsf3x.o)
 .bss           0x00000000        0x0 c:/program files (x86)/atmel/atmel toolchain/avr8 gcc/native/3.4.1061/avr8-gnu-toolchain/bin/../lib/gcc/avr/4.8.1/../../../../avr/lib/avr6\libm.a(mulsf3x.o)
 .text          0x00000000        0x0 c:/program files (x86)/atmel/atmel toolchain/avr8 gcc/native/3.4.1061/avr8-gnu-toolchain/bin/../lib/gcc/avr/4.8.1/../../../../avr/lib/avr6\libm.a(sin.o)
 .data          0x00000000        0x0 c:/program files (x86)/atmel/atmel toolchain/avr8 gcc/native/3.4.1061/avr8-gnu-toolchain/bin/../lib/gcc/avr/4.8.1/../../../../avr/lib/avr6\libm.a(sin.o)
 .bss           0x00000000        0x0 c:/program files (x86)/atmel/atmel toolchain/avr8 gcc/native/3.4.1061/avr8-gnu-toolchain/bin/../lib/gcc/avr/4.8.1/../../../../avr/lib/avr6\libm.a(sin.o)
 .text.avr-libc.fplib
                0x00000000        0xc c:/program files (x86)/atmel/atmel toolchain/avr8 gcc/native/3.4.1061/avr8-gnu-toolchain/bin/../lib/gcc/avr/4.8.1/../../../../avr/lib/avr6\libm.a(sin.o)
 .text          0x00000000        0x0 c:/program files (x86)/atmel/atmel toolchain/avr8 gcc/native/3.4.1061/avr8-gnu-toolchain/bin/../lib/gcc/avr/4.8.1/../../../../avr/lib/avr6\libm.a(sqrt.o)
 .data          0x00000000        0x0 c:/program files (x86)/atmel/atmel toolchain/avr8 gcc/native/3.4.1061/avr8-gnu-toolchain/bin/../lib/gcc/avr/4.8.1/../../../../avr/lib/avr6\libm.a(sqrt.o)
 .bss           0x00000000        0x0 c:/program files (x86)/atmel/atmel toolchain/avr8 gcc/native/3.4.1061/avr8-gnu-toolchain/bin/../lib/gcc/avr/4.8.1/../../../../avr/lib/avr6\libm.a(sqrt.o)
 .text.avr-libc.fplib
                0x00000000       0x84 c:/program files (x86)/atmel/atmel toolchain/avr8 gcc/native/3.4.1061/avr8-gnu-toolchain/bin/../lib/gcc/avr/4.8.1/../../../../avr/lib/avr6\libm.a(sqrt.o)
 .text          0x00000000        0x0 c:/program files (x86)/atmel/atmel toolchain/avr8 gcc/native/3.4.1061/avr8-gnu-toolchain/bin/../lib/gcc/avr/4.8.1/../../../../avr/lib/avr6\libm.a(unordsf2.o)
 .data          0x00000000        0x0 c:/program files (x86)/atmel/atmel toolchain/avr8 gcc/native/3.4.1061/avr8-gnu-toolchain/bin/../lib/gcc/avr/4.8.1/../../../../avr/lib/avr6\libm.a(unordsf2.o)
 .bss           0x00000000        0x0 c:/program files (x86)/atmel/atmel toolchain/avr8 gcc/native/3.4.1061/avr8-gnu-toolchain/bin/../lib/gcc/avr/4.8.1/../../../../avr/lib/avr6\libm.a(unordsf2.o)
 .text          0x00000000        0x0 c:/program files (x86)/atmel/atmel toolchain/avr8 gcc/native/3.4.1061/avr8-gnu-toolchain/bin/../lib/gcc/avr/4.8.1/../../../../avr/lib/avr6\libm.a(fp_mpack.o)
 .data          0x00000000        0x0 c:/program files (x86)/atmel/atmel toolchain/avr8 gcc/native/3.4.1061/avr8-gnu-toolchain/bin/../lib/gcc/avr/4.8.1/../../../../avr/lib/avr6\libm.a(fp_mpack.o)
 .bss           0x00000000        0x0 c:/program files (x86)/atmel/atmel toolchain/avr8 gcc/native/3.4.1061/avr8-gnu-toolchain/bin/../lib/gcc/avr/4.8.1/../../../../avr/lib/avr6\libm.a(fp_mpack.o)
 .text.avr-libc.fplib
                0x00000000       0x1c c:/program files (x86)/atmel/atmel toolchain/avr8 gcc/native/3.4.1061/avr8-gnu-toolchain/bin/../lib/gcc/avr/4.8.1/../../../../avr/lib/avr6\libm.a(fp_mpack.o)
 .text          0x00000000        0x0 c:/program files (x86)/atmel/atmel toolchain/avr8 gcc/native/3.4.1061/avr8-gnu-toolchain/bin/../lib/gcc/avr/4.8.1/../../../../avr/lib/avr6\libm.a(fp_norm2.o)
 .data          0x00000000        0x0 c:/program files (x86)/atmel/atmel toolchain/avr8 gcc/native/3.4.1061/avr8-gnu-toolchain/bin/../lib/gcc/avr/4.8.1/../../../../avr/lib/avr6\libm.a(fp_norm2.o)
 .bss           0x00000000        0x0 c:/program files (x86)/atmel/atmel toolchain/avr8 gcc/native/3.4.1061/avr8-gnu-toolchain/bin/../lib/gcc/avr/4.8.1/../../../../avr/lib/avr6\libm.a(fp_norm2.o)
 .text.avr-libc.fplib
                0x00000000        0xe c:/program files (x86)/atmel/atmel toolchain/avr8 gcc/native/3.4.1061/avr8-gnu-toolchain/bin/../lib/gcc/avr/4.8.1/../../../../avr/lib/avr6\libm.a(fp_norm2.o)
 .text          0x00000000        0x0 c:/program files (x86)/atmel/atmel toolchain/avr8 gcc/native/3.4.1061/avr8-gnu-toolchain/bin/../lib/gcc/avr/4.8.1/../../../../avr/lib/avr6\libm.a(fp_powsodd.o)
 .data          0x00000000        0x0 c:/program files (x86)/atmel/atmel toolchain/avr8 gcc/native/3.4.1061/avr8-gnu-toolchain/bin/../lib/gcc/avr/4.8.1/../../../../avr/lib/avr6\libm.a(fp_powsodd.o)
 .bss           0x00000000        0x0 c:/program files (x86)/atmel/atmel toolchain/avr8 gcc/native/3.4.1061/avr8-gnu-toolchain/bin/../lib/gcc/avr/4.8.1/../../../../avr/lib/avr6\libm.a(fp_powsodd.o)
 .text.avr-libc.fplib
                0x00000000       0x22 c:/program files (x86)/atmel/atmel toolchain/avr8 gcc/native/3.4.1061/avr8-gnu-toolchain/bin/../lib/gcc/avr/4.8.1/../../../../avr/lib/avr6\libm.a(fp_powsodd.o)
 .data          0x00000000        0x0 ../../../CM700_Library/lib\libdynamixel.a(dxl_hal.o)
 .data          0x00000000        0x0 ../../../CM700_Library/lib\libserial.a(serial.o)
 .text          0x00000000        0x0 c:/program files (x86)/atmel/atmel toolchain/avr8 gcc/native/3.4.1061/avr8-gnu-toolchain/bin/../lib/gcc/avr/4.8.1/avr6\libgcc.a(_exit.o)
 .data          0x00000000        0x0 c:/program files (x86)/atmel/atmel toolchain/avr8 gcc/native/3.4.1061/avr8-gnu-toolchain/bin/../lib/gcc/avr/4.8.1/avr6\libgcc.a(_exit.o)
 .bss           0x00000000        0x0 c:/program files (x86)/atmel/atmel toolchain/avr8 gcc/native/3.4.1061/avr8-gnu-toolchain/bin/../lib/gcc/avr/4.8.1/avr6\libgcc.a(_exit.o)
 .text.libgcc.mul
                0x00000000        0x0 c:/program files (x86)/atmel/atmel toolchain/avr8 gcc/native/3.4.1061/avr8-gnu-toolchain/bin/../lib/gcc/avr/4.8.1/avr6\libgcc.a(_exit.o)
 .text.libgcc.div
                0x00000000        0x0 c:/program files (x86)/atmel/atmel toolchain/avr8 gcc/native/3.4.1061/avr8-gnu-toolchain/bin/../lib/gcc/avr/4.8.1/avr6\libgcc.a(_exit.o)
 .text.libgcc   0x00000000        0x0 c:/program files (x86)/atmel/atmel toolchain/avr8 gcc/native/3.4.1061/avr8-gnu-toolchain/bin/../lib/gcc/avr/4.8.1/avr6\libgcc.a(_exit.o)
 .text.libgcc.prologue
                0x00000000        0x0 c:/program files (x86)/atmel/atmel toolchain/avr8 gcc/native/3.4.1061/avr8-gnu-toolchain/bin/../lib/gcc/avr/4.8.1/avr6\libgcc.a(_exit.o)
 .text.libgcc.builtins
                0x00000000        0x0 c:/program files (x86)/atmel/atmel toolchain/avr8 gcc/native/3.4.1061/avr8-gnu-toolchain/bin/../lib/gcc/avr/4.8.1/avr6\libgcc.a(_exit.o)
 .text.libgcc.fmul
                0x00000000        0x0 c:/program files (x86)/atmel/atmel toolchain/avr8 gcc/native/3.4.1061/avr8-gnu-toolchain/bin/../lib/gcc/avr/4.8.1/avr6\libgcc.a(_exit.o)
 .text.libgcc.fixed
                0x00000000        0x0 c:/program files (x86)/atmel/atmel toolchain/avr8 gcc/native/3.4.1061/avr8-gnu-toolchain/bin/../lib/gcc/avr/4.8.1/avr6\libgcc.a(_exit.o)
 .text          0x00000000        0x0 c:/program files (x86)/atmel/atmel toolchain/avr8 gcc/native/3.4.1061/avr8-gnu-toolchain/bin/../lib/gcc/avr/4.8.1/avr6\libgcc.a(_copy_data.o)
 .data          0x00000000        0x0 c:/program files (x86)/atmel/atmel toolchain/avr8 gcc/native/3.4.1061/avr8-gnu-toolchain/bin/../lib/gcc/avr/4.8.1/avr6\libgcc.a(_copy_data.o)
 .bss           0x00000000        0x0 c:/program files (x86)/atmel/atmel toolchain/avr8 gcc/native/3.4.1061/avr8-gnu-toolchain/bin/../lib/gcc/avr/4.8.1/avr6\libgcc.a(_copy_data.o)
 .text.libgcc.mul
                0x00000000        0x0 c:/program files (x86)/atmel/atmel toolchain/avr8 gcc/native/3.4.1061/avr8-gnu-toolchain/bin/../lib/gcc/avr/4.8.1/avr6\libgcc.a(_copy_data.o)
 .text.libgcc.div
                0x00000000        0x0 c:/program files (x86)/atmel/atmel toolchain/avr8 gcc/native/3.4.1061/avr8-gnu-toolchain/bin/../lib/gcc/avr/4.8.1/avr6\libgcc.a(_copy_data.o)
 .text.libgcc   0x00000000        0x0 c:/program files (x86)/atmel/atmel toolchain/avr8 gcc/native/3.4.1061/avr8-gnu-toolchain/bin/../lib/gcc/avr/4.8.1/avr6\libgcc.a(_copy_data.o)
 .text.libgcc.prologue
                0x00000000        0x0 c:/program files (x86)/atmel/atmel toolchain/avr8 gcc/native/3.4.1061/avr8-gnu-toolchain/bin/../lib/gcc/avr/4.8.1/avr6\libgcc.a(_copy_data.o)
 .text.libgcc.builtins
                0x00000000        0x0 c:/program files (x86)/atmel/atmel toolchain/avr8 gcc/native/3.4.1061/avr8-gnu-toolchain/bin/../lib/gcc/avr/4.8.1/avr6\libgcc.a(_copy_data.o)
 .text.libgcc.fmul
                0x00000000        0x0 c:/program files (x86)/atmel/atmel toolchain/avr8 gcc/native/3.4.1061/avr8-gnu-toolchain/bin/../lib/gcc/avr/4.8.1/avr6\libgcc.a(_copy_data.o)
 .text.libgcc.fixed
                0x00000000        0x0 c:/program files (x86)/atmel/atmel toolchain/avr8 gcc/native/3.4.1061/avr8-gnu-toolchain/bin/../lib/gcc/avr/4.8.1/avr6\libgcc.a(_copy_data.o)
 .text          0x00000000        0x0 c:/program files (x86)/atmel/atmel toolchain/avr8 gcc/native/3.4.1061/avr8-gnu-toolchain/bin/../lib/gcc/avr/4.8.1/avr6\libgcc.a(_clear_bss.o)
 .data          0x00000000        0x0 c:/program files (x86)/atmel/atmel toolchain/avr8 gcc/native/3.4.1061/avr8-gnu-toolchain/bin/../lib/gcc/avr/4.8.1/avr6\libgcc.a(_clear_bss.o)
 .bss           0x00000000        0x0 c:/program files (x86)/atmel/atmel toolchain/avr8 gcc/native/3.4.1061/avr8-gnu-toolchain/bin/../lib/gcc/avr/4.8.1/avr6\libgcc.a(_clear_bss.o)
 .text.libgcc.mul
                0x00000000        0x0 c:/program files (x86)/atmel/atmel toolchain/avr8 gcc/native/3.4.1061/avr8-gnu-toolchain/bin/../lib/gcc/avr/4.8.1/avr6\libgcc.a(_clear_bss.o)
 .text.libgcc.div
                0x00000000        0x0 c:/program files (x86)/atmel/atmel toolchain/avr8 gcc/native/3.4.1061/avr8-gnu-toolchain/bin/../lib/gcc/avr/4.8.1/avr6\libgcc.a(_clear_bss.o)
 .text.libgcc   0x00000000        0x0 c:/program files (x86)/atmel/atmel toolchain/avr8 gcc/native/3.4.1061/avr8-gnu-toolchain/bin/../lib/gcc/avr/4.8.1/avr6\libgcc.a(_clear_bss.o)
 .text.libgcc.prologue
                0x00000000        0x0 c:/program files (x86)/atmel/atmel toolchain/avr8 gcc/native/3.4.1061/avr8-gnu-toolchain/bin/../lib/gcc/avr/4.8.1/avr6\libgcc.a(_clear_bss.o)
 .text.libgcc.builtins
                0x00000000        0x0 c:/program files (x86)/atmel/atmel toolchain/avr8 gcc/native/3.4.1061/avr8-gnu-toolchain/bin/../lib/gcc/avr/4.8.1/avr6\libgcc.a(_clear_bss.o)
 .text.libgcc.fmul
                0x00000000        0x0 c:/program files (x86)/atmel/atmel toolchain/avr8 gcc/native/3.4.1061/avr8-gnu-toolchain/bin/../lib/gcc/avr/4.8.1/avr6\libgcc.a(_clear_bss.o)
 .text.libgcc.fixed
                0x00000000        0x0 c:/program files (x86)/atmel/atmel toolchain/avr8 gcc/native/3.4.1061/avr8-gnu-toolchain/bin/../lib/gcc/avr/4.8.1/avr6\libgcc.a(_clear_bss.o)
 .text          0x00000000        0x0 c:/program files (x86)/atmel/atmel toolchain/avr8 gcc/native/3.4.1061/avr8-gnu-toolchain/bin/../lib/gcc/avr/4.8.1/../../../../avr/lib/avr6\libc.a(fdevopen.o)
 .data          0x00000000        0x0 c:/program files (x86)/atmel/atmel toolchain/avr8 gcc/native/3.4.1061/avr8-gnu-toolchain/bin/../lib/gcc/avr/4.8.1/../../../../avr/lib/avr6\libc.a(fdevopen.o)
 .bss           0x00000000        0x0 c:/program files (x86)/atmel/atmel toolchain/avr8 gcc/native/3.4.1061/avr8-gnu-toolchain/bin/../lib/gcc/avr/4.8.1/../../../../avr/lib/avr6\libc.a(fdevopen.o)
 .text          0x00000000        0x0 c:/program files (x86)/atmel/atmel toolchain/avr8 gcc/native/3.4.1061/avr8-gnu-toolchain/bin/../lib/gcc/avr/4.8.1/../../../../avr/lib/avr6\libc.a(fgetc.o)
 .data          0x00000000        0x0 c:/program files (x86)/atmel/atmel toolchain/avr8 gcc/native/3.4.1061/avr8-gnu-toolchain/bin/../lib/gcc/avr/4.8.1/../../../../avr/lib/avr6\libc.a(fgetc.o)
 .bss           0x00000000        0x0 c:/program files (x86)/atmel/atmel toolchain/avr8 gcc/native/3.4.1061/avr8-gnu-toolchain/bin/../lib/gcc/avr/4.8.1/../../../../avr/lib/avr6\libc.a(fgetc.o)
 .text          0x00000000        0x0 c:/program files (x86)/atmel/atmel toolchain/avr8 gcc/native/3.4.1061/avr8-gnu-toolchain/bin/../lib/gcc/avr/4.8.1/../../../../avr/lib/avr6\libc.a(fwrite.o)
 .data          0x00000000        0x0 c:/program files (x86)/atmel/atmel toolchain/avr8 gcc/native/3.4.1061/avr8-gnu-toolchain/bin/../lib/gcc/avr/4.8.1/../../../../avr/lib/avr6\libc.a(fwrite.o)
 .bss           0x00000000        0x0 c:/program files (x86)/atmel/atmel toolchain/avr8 gcc/native/3.4.1061/avr8-gnu-toolchain/bin/../lib/gcc/avr/4.8.1/../../../../avr/lib/avr6\libc.a(fwrite.o)
 .text.avr-libc
                0x00000000       0x84 c:/program files (x86)/atmel/atmel toolchain/avr8 gcc/native/3.4.1061/avr8-gnu-toolchain/bin/../lib/gcc/avr/4.8.1/../../../../avr/lib/avr6\libc.a(fwrite.o)
 .comment       0x00000000       0x31 c:/program files (x86)/atmel/atmel toolchain/avr8 gcc/native/3.4.1061/avr8-gnu-toolchain/bin/../lib/gcc/avr/4.8.1/../../../../avr/lib/avr6\libc.a(fwrite.o)
 .text          0x00000000        0x0 c:/program files (x86)/atmel/atmel toolchain/avr8 gcc/native/3.4.1061/avr8-gnu-toolchain/bin/../lib/gcc/avr/4.8.1/../../../../avr/lib/avr6\libc.a(iob.o)
 .data          0x00000000        0x0 c:/program files (x86)/atmel/atmel toolchain/avr8 gcc/native/3.4.1061/avr8-gnu-toolchain/bin/../lib/gcc/avr/4.8.1/../../../../avr/lib/avr6\libc.a(iob.o)
 .bss           0x00000000        0x0 c:/program files (x86)/atmel/atmel toolchain/avr8 gcc/native/3.4.1061/avr8-gnu-toolchain/bin/../lib/gcc/avr/4.8.1/../../../../avr/lib/avr6\libc.a(iob.o)
 .text          0x00000000        0x0 c:/program files (x86)/atmel/atmel toolchain/avr8 gcc/native/3.4.1061/avr8-gnu-toolchain/bin/../lib/gcc/avr/4.8.1/../../../../avr/lib/avr6\libc.a(printf.o)
 .data          0x00000000        0x0 c:/program files (x86)/atmel/atmel toolchain/avr8 gcc/native/3.4.1061/avr8-gnu-toolchain/bin/../lib/gcc/avr/4.8.1/../../../../avr/lib/avr6\libc.a(printf.o)
 .bss           0x00000000        0x0 c:/program files (x86)/atmel/atmel toolchain/avr8 gcc/native/3.4.1061/avr8-gnu-toolchain/bin/../lib/gcc/avr/4.8.1/../../../../avr/lib/avr6\libc.a(printf.o)
 .text.avr-libc
                0x00000000       0x24 c:/program files (x86)/atmel/atmel toolchain/avr8 gcc/native/3.4.1061/avr8-gnu-toolchain/bin/../lib/gcc/avr/4.8.1/../../../../avr/lib/avr6\libc.a(printf.o)
 .comment       0x00000000       0x31 c:/program files (x86)/atmel/atmel toolchain/avr8 gcc/native/3.4.1061/avr8-gnu-toolchain/bin/../lib/gcc/avr/4.8.1/../../../../avr/lib/avr6\libc.a(printf.o)
 .text          0x00000000        0x0 c:/program files (x86)/atmel/atmel toolchain/avr8 gcc/native/3.4.1061/avr8-gnu-toolchain/bin/../lib/gcc/avr/4.8.1/../../../../avr/lib/avr6\libc.a(puts.o)
 .data          0x00000000        0x0 c:/program files (x86)/atmel/atmel toolchain/avr8 gcc/native/3.4.1061/avr8-gnu-toolchain/bin/../lib/gcc/avr/4.8.1/../../../../avr/lib/avr6\libc.a(puts.o)
 .bss           0x00000000        0x0 c:/program files (x86)/atmel/atmel toolchain/avr8 gcc/native/3.4.1061/avr8-gnu-toolchain/bin/../lib/gcc/avr/4.8.1/../../../../avr/lib/avr6\libc.a(puts.o)
 .text          0x00000000        0x0 c:/program files (x86)/atmel/atmel toolchain/avr8 gcc/native/3.4.1061/avr8-gnu-toolchain/bin/../lib/gcc/avr/4.8.1/../../../../avr/lib/avr6\libc.a(vfprintf_std.o)
 .data          0x00000000        0x0 c:/program files (x86)/atmel/atmel toolchain/avr8 gcc/native/3.4.1061/avr8-gnu-toolchain/bin/../lib/gcc/avr/4.8.1/../../../../avr/lib/avr6\libc.a(vfprintf_std.o)
 .bss           0x00000000        0x0 c:/program files (x86)/atmel/atmel toolchain/avr8 gcc/native/3.4.1061/avr8-gnu-toolchain/bin/../lib/gcc/avr/4.8.1/../../../../avr/lib/avr6\libc.a(vfprintf_std.o)
 .text.avr-libc
                0x00000000      0x3f6 c:/program files (x86)/atmel/atmel toolchain/avr8 gcc/native/3.4.1061/avr8-gnu-toolchain/bin/../lib/gcc/avr/4.8.1/../../../../avr/lib/avr6\libc.a(vfprintf_std.o)
 .comment       0x00000000       0x2d c:/program files (x86)/atmel/atmel toolchain/avr8 gcc/native/3.4.1061/avr8-gnu-toolchain/bin/../lib/gcc/avr/4.8.1/../../../../avr/lib/avr6\libc.a(vfprintf_std.o)
 .text          0x00000000        0x0 c:/program files (x86)/atmel/atmel toolchain/avr8 gcc/native/3.4.1061/avr8-gnu-toolchain/bin/../lib/gcc/avr/4.8.1/../../../../avr/lib/avr6\libc.a(calloc.o)
 .data          0x00000000        0x0 c:/program files (x86)/atmel/atmel toolchain/avr8 gcc/native/3.4.1061/avr8-gnu-toolchain/bin/../lib/gcc/avr/4.8.1/../../../../avr/lib/avr6\libc.a(calloc.o)
 .bss           0x00000000        0x0 c:/program files (x86)/atmel/atmel toolchain/avr8 gcc/native/3.4.1061/avr8-gnu-toolchain/bin/../lib/gcc/avr/4.8.1/../../../../avr/lib/avr6\libc.a(calloc.o)
 .text          0x00000000        0x0 c:/program files (x86)/atmel/atmel toolchain/avr8 gcc/native/3.4.1061/avr8-gnu-toolchain/bin/../lib/gcc/avr/4.8.1/../../../../avr/lib/avr6\libc.a(malloc.o)
 .bss           0x00000000        0x0 c:/program files (x86)/atmel/atmel toolchain/avr8 gcc/native/3.4.1061/avr8-gnu-toolchain/bin/../lib/gcc/avr/4.8.1/../../../../avr/lib/avr6\libc.a(malloc.o)
 .text          0x00000000        0x0 c:/program files (x86)/atmel/atmel toolchain/avr8 gcc/native/3.4.1061/avr8-gnu-toolchain/bin/../lib/gcc/avr/4.8.1/../../../../avr/lib/avr6\libc.a(strnlen_P.o)
 .data          0x00000000        0x0 c:/program files (x86)/atmel/atmel toolchain/avr8 gcc/native/3.4.1061/avr8-gnu-toolchain/bin/../lib/gcc/avr/4.8.1/../../../../avr/lib/avr6\libc.a(strnlen_P.o)
 .bss           0x00000000        0x0 c:/program files (x86)/atmel/atmel toolchain/avr8 gcc/native/3.4.1061/avr8-gnu-toolchain/bin/../lib/gcc/avr/4.8.1/../../../../avr/lib/avr6\libc.a(strnlen_P.o)
 .text.avr-libc
                0x00000000       0x16 c:/program files (x86)/atmel/atmel toolchain/avr8 gcc/native/3.4.1061/avr8-gnu-toolchain/bin/../lib/gcc/avr/4.8.1/../../../../avr/lib/avr6\libc.a(strnlen_P.o)
 .text          0x00000000        0x0 c:/program files (x86)/atmel/atmel toolchain/avr8 gcc/native/3.4.1061/avr8-gnu-toolchain/bin/../lib/gcc/avr/4.8.1/../../../../avr/lib/avr6\libc.a(memset.o)
 .data          0x00000000        0x0 c:/program files (x86)/atmel/atmel toolchain/avr8 gcc/native/3.4.1061/avr8-gnu-toolchain/bin/../lib/gcc/avr/4.8.1/../../../../avr/lib/avr6\libc.a(memset.o)
 .bss           0x00000000        0x0 c:/program files (x86)/atmel/atmel toolchain/avr8 gcc/native/3.4.1061/avr8-gnu-toolchain/bin/../lib/gcc/avr/4.8.1/../../../../avr/lib/avr6\libc.a(memset.o)
 .text          0x00000000        0x0 c:/program files (x86)/atmel/atmel toolchain/avr8 gcc/native/3.4.1061/avr8-gnu-toolchain/bin/../lib/gcc/avr/4.8.1/../../../../avr/lib/avr6\libc.a(strnlen.o)
 .data          0x00000000        0x0 c:/program files (x86)/atmel/atmel toolchain/avr8 gcc/native/3.4.1061/avr8-gnu-toolchain/bin/../lib/gcc/avr/4.8.1/../../../../avr/lib/avr6\libc.a(strnlen.o)
 .bss           0x00000000        0x0 c:/program files (x86)/atmel/atmel toolchain/avr8 gcc/native/3.4.1061/avr8-gnu-toolchain/bin/../lib/gcc/avr/4.8.1/../../../../avr/lib/avr6\libc.a(strnlen.o)
 .text.avr-libc
                0x00000000       0x16 c:/program files (x86)/atmel/atmel toolchain/avr8 gcc/native/3.4.1061/avr8-gnu-toolchain/bin/../lib/gcc/avr/4.8.1/../../../../avr/lib/avr6\libc.a(strnlen.o)
 .text          0x00000000        0x0 c:/program files (x86)/atmel/atmel toolchain/avr8 gcc/native/3.4.1061/avr8-gnu-toolchain/bin/../lib/gcc/avr/4.8.1/../../../../avr/lib/avr6\libc.a(fputc.o)
 .data          0x00000000        0x0 c:/program files (x86)/atmel/atmel toolchain/avr8 gcc/native/3.4.1061/avr8-gnu-toolchain/bin/../lib/gcc/avr/4.8.1/../../../../avr/lib/avr6\libc.a(fputc.o)
 .bss           0x00000000        0x0 c:/program files (x86)/atmel/atmel toolchain/avr8 gcc/native/3.4.1061/avr8-gnu-toolchain/bin/../lib/gcc/avr/4.8.1/../../../../avr/lib/avr6\libc.a(fputc.o)
 .text.avr-libc
                0x00000000       0x64 c:/program files (x86)/atmel/atmel toolchain/avr8 gcc/native/3.4.1061/avr8-gnu-toolchain/bin/../lib/gcc/avr/4.8.1/../../../../avr/lib/avr6\libc.a(fputc.o)
 .comment       0x00000000       0x31 c:/program files (x86)/atmel/atmel toolchain/avr8 gcc/native/3.4.1061/avr8-gnu-toolchain/bin/../lib/gcc/avr/4.8.1/../../../../avr/lib/avr6\libc.a(fputc.o)
 .text          0x00000000        0x0 c:/program files (x86)/atmel/atmel toolchain/avr8 gcc/native/3.4.1061/avr8-gnu-toolchain/bin/../lib/gcc/avr/4.8.1/../../../../avr/lib/avr6\libc.a(ultoa_invert.o)
 .data          0x00000000        0x0 c:/program files (x86)/atmel/atmel toolchain/avr8 gcc/native/3.4.1061/avr8-gnu-toolchain/bin/../lib/gcc/avr/4.8.1/../../../../avr/lib/avr6\libc.a(ultoa_invert.o)
 .bss           0x00000000        0x0 c:/program files (x86)/atmel/atmel toolchain/avr8 gcc/native/3.4.1061/avr8-gnu-toolchain/bin/../lib/gcc/avr/4.8.1/../../../../avr/lib/avr6\libc.a(ultoa_invert.o)
 .text.avr-libc
                0x00000000       0xbc c:/program files (x86)/atmel/atmel toolchain/avr8 gcc/native/3.4.1061/avr8-gnu-toolchain/bin/../lib/gcc/avr/4.8.1/../../../../avr/lib/avr6\libc.a(ultoa_invert.o)

Memory Configuration

Name             Origin             Length             Attributes
text             0x00000000         0x00100000         xr
data             0x00800200         0x0000fe00         rw !x
eeprom           0x00810000         0x00010000         rw !x
fuse             0x00820000         0x00000400         rw !x
lock             0x00830000         0x00000400         rw !x
signature        0x00840000         0x00000400         rw !x
user_signatures  0x00850000         0x00000400         rw !x
*default*        0x00000000         0xffffffff

Linker script and memory map

Address of section .data set to 0x800200
LOAD c:/program files (x86)/atmel/atmel toolchain/avr8 gcc/native/3.4.1061/avr8-gnu-toolchain/bin/../lib/gcc/avr/4.8.1/../../../../avr/lib/avr6/crtm2561.o
LOAD DeltaDriver.o
LOAD functions.o
START GROUP
LOAD c:/program files (x86)/atmel/atmel toolchain/avr8 gcc/native/3.4.1061/avr8-gnu-toolchain/bin/../lib/gcc/avr/4.8.1/../../../../avr/lib/avr6\libm.a
LOAD ../../../CM700_Library/lib\libdynamixel.a
LOAD ../../../CM700_Library/lib\libserial.a
LOAD ../../../CM700_Library/lib\libzigbee.a
END GROUP
START GROUP
LOAD c:/program files (x86)/atmel/atmel toolchain/avr8 gcc/native/3.4.1061/avr8-gnu-toolchain/bin/../lib/gcc/avr/4.8.1/avr6\libgcc.a
LOAD c:/program files (x86)/atmel/atmel toolchain/avr8 gcc/native/3.4.1061/avr8-gnu-toolchain/bin/../lib/gcc/avr/4.8.1/../../../../avr/lib/avr6\libm.a
LOAD c:/program files (x86)/atmel/atmel toolchain/avr8 gcc/native/3.4.1061/avr8-gnu-toolchain/bin/../lib/gcc/avr/4.8.1/../../../../avr/lib/avr6\libc.a
END GROUP

.hash
 *(.hash)

.dynsym
 *(.dynsym)

.dynstr
 *(.dynstr)

.gnu.version
 *(.gnu.version)

.gnu.version_d
 *(.gnu.version_d)

.gnu.version_r
 *(.gnu.version_r)

.rel.init
 *(.rel.init)

.rela.init
 *(.rela.init)

.rel.text
 *(.rel.text)
 *(.rel.text.*)
 *(.rel.gnu.linkonce.t*)

.rela.text
 *(.rela.text)
 *(.rela.text.*)
 *(.rela.gnu.linkonce.t*)

.rel.fini
 *(.rel.fini)

.rela.fini
 *(.rela.fini)

.rel.rodata
 *(.rel.rodata)
 *(.rel.rodata.*)
 *(.rel.gnu.linkonce.r*)

.rela.rodata
 *(.rela.rodata)
 *(.rela.rodata.*)
 *(.rela.gnu.linkonce.r*)

.rel.data
 *(.rel.data)
 *(.rel.data.*)
 *(.rel.gnu.linkonce.d*)

.rela.data
 *(.rela.data)
 *(.rela.data.*)
 *(.rela.gnu.linkonce.d*)

.rel.ctors
 *(.rel.ctors)

.rela.ctors
 *(.rela.ctors)

.rel.dtors
 *(.rel.dtors)

.rela.dtors
 *(.rela.dtors)

.rel.got
 *(.rel.got)

.rela.got
 *(.rela.got)

.rel.bss
 *(.rel.bss)

.rela.bss
 *(.rela.bss)

.rel.plt
 *(.rel.plt)

.rela.plt
 *(.rela.plt)

.text           0x00000000     0x2a68
 *(.vectors)
 .vectors       0x00000000       0xcc c:/program files (x86)/atmel/atmel toolchain/avr8 gcc/native/3.4.1061/avr8-gnu-toolchain/bin/../lib/gcc/avr/4.8.1/../../../../avr/lib/avr6/crtm2561.o
                0x00000000                __vector_default
                0x00000000                __vectors
 *(.vectors)
 *(.progmem.gcc*)
                0x000000cc                . = ALIGN (0x2)
                0x000000cc                __trampolines_start = .
 *(.trampolines)
 .trampolines   0x000000cc        0x0 linker stubs
 *(.trampolines*)
                0x000000cc                __trampolines_end = .
 *(.progmem*)
                0x000000cc                . = ALIGN (0x2)
 *(.jumptables)
 *(.jumptables*)
 *(.lowtext)
 *(.lowtext*)
                0x000000cc                __ctors_start = .
 *(.ctors)
                0x000000cc                __ctors_end = .
                0x000000cc                __dtors_start = .
 *(.dtors)
                0x000000cc                __dtors_end = .
 SORT(*)(.ctors)
 SORT(*)(.dtors)
 *(.init0)
 .init0         0x000000cc        0x0 c:/program files (x86)/atmel/atmel toolchain/avr8 gcc/native/3.4.1061/avr8-gnu-toolchain/bin/../lib/gcc/avr/4.8.1/../../../../avr/lib/avr6/crtm2561.o
                0x000000cc                __init
 *(.init0)
 *(.init1)
 *(.init1)
 *(.init2)
 .init2         0x000000cc       0x10 c:/program files (x86)/atmel/atmel toolchain/avr8 gcc/native/3.4.1061/avr8-gnu-toolchain/bin/../lib/gcc/avr/4.8.1/../../../../avr/lib/avr6/crtm2561.o
 *(.init2)
 *(.init3)
 *(.init3)
 *(.init4)
 .init4         0x000000dc       0x1a c:/program files (x86)/atmel/atmel toolchain/avr8 gcc/native/3.4.1061/avr8-gnu-toolchain/bin/../lib/gcc/avr/4.8.1/avr6\libgcc.a(_copy_data.o)
                0x000000dc                __do_copy_data
 .init4         0x000000f6       0x10 c:/program files (x86)/atmel/atmel toolchain/avr8 gcc/native/3.4.1061/avr8-gnu-toolchain/bin/../lib/gcc/avr/4.8.1/avr6\libgcc.a(_clear_bss.o)
                0x000000f6                __do_clear_bss
 *(.init4)
 *(.init5)
 *(.init5)
 *(.init6)
 *(.init6)
 *(.init7)
 *(.init7)
 *(.init8)
 *(.init8)
 *(.init9)
 .init9         0x00000106        0x6 c:/program files (x86)/atmel/atmel toolchain/avr8 gcc/native/3.4.1061/avr8-gnu-toolchain/bin/../lib/gcc/avr/4.8.1/../../../../avr/lib/avr6/crtm2561.o
 *(.init9)
 *(.text)
 .text          0x0000010c        0x2 c:/program files (x86)/atmel/atmel toolchain/avr8 gcc/native/3.4.1061/avr8-gnu-toolchain/bin/../lib/gcc/avr/4.8.1/../../../../avr/lib/avr6/crtm2561.o
                0x0000010c                __vector_38
                0x0000010c                __vector_22
                0x0000010c                __vector_28
                0x0000010c                __vector_1
                0x0000010c                __vector_32
                0x0000010c                __vector_34
                0x0000010c                __vector_24
                0x0000010c                __vector_12
                0x0000010c                __vector_46
                0x0000010c                __bad_interrupt
                0x0000010c                __vector_6
                0x0000010c                __vector_31
                0x0000010c                __vector_35
                0x0000010c                __vector_39
                0x0000010c                __vector_3
                0x0000010c                __vector_23
                0x0000010c                __vector_30
                0x0000010c                __vector_45
                0x0000010c                __vector_11
                0x0000010c                __vector_13
                0x0000010c                __vector_17
                0x0000010c                __vector_19
                0x0000010c                __vector_7
                0x0000010c                __vector_49
                0x0000010c                __vector_41
                0x0000010c                __vector_43
                0x0000010c                __vector_27
                0x0000010c                __vector_5
                0x0000010c                __vector_33
                0x0000010c                __vector_47
                0x0000010c                __vector_37
                0x0000010c                __vector_4
                0x0000010c                __vector_44
                0x0000010c                __vector_9
                0x0000010c                __vector_2
                0x0000010c                __vector_21
                0x0000010c                __vector_15
                0x0000010c                __vector_29
                0x0000010c                __vector_40
                0x0000010c                __vector_8
                0x0000010c                __vector_26
                0x0000010c                __vector_48
                0x0000010c                __vector_14
                0x0000010c                __vector_10
                0x0000010c                __vector_50
                0x0000010c                __vector_16
                0x0000010c                __vector_18
                0x0000010c                __vector_20
                0x0000010c                __vector_42
 .text          0x0000010e      0x436 ../../../CM700_Library/lib\libdynamixel.a(dynamixel.o)
                0x0000010e                dxl_get_result
                0x00000118                dxl_set_txpacket_id
                0x0000011e                dxl_set_txpacket_instruction
                0x00000124                dxl_set_txpacket_parameter
                0x0000012e                dxl_set_txpacket_length
                0x00000134                dxl_get_rxpacket_error
                0x00000148                dxl_get_rxpacket_length
                0x00000150                dxl_get_rxpacket_parameter
                0x0000015c                dxl_makeword
                0x00000168                dxl_get_lowbyte
                0x00000170                dxl_get_highbyte
                0x00000178                dxl_rx_packet
                0x00000308                dxl_tx_packet
                0x000003d6                dxl_txrx_packet
                0x000003f4                dxl_write_word
                0x00000428                dxl_read_word
                0x00000464                dxl_write_byte
                0x00000490                dxl_read_byte
                0x000004c4                dxl_ping
                0x000004e8                dxl_terminate
                0x000004ec                dxl_initialize
 .text          0x00000544      0x3ba ../../../CM700_Library/lib\libdynamixel.a(dxl_hal.o)
                0x00000544                dxl_hal_open
                0x000005f6                dxl_hal_close
                0x000005f8                dxl_hal_clear
                0x00000602                dxl_hal_tx
                0x0000064a                dxl_hal_set_timeout
                0x0000066c                dxl_hal_timeout
                0x000007a6                dxl_hal_get_qstate
                0x000007ea                dxl_hal_put_queue
                0x0000081e                dxl_hal_get_queue
                0x00000856                dxl_hal_rx
                0x000008ac                __vector_25
 .text          0x000008fe      0x340 ../../../CM700_Library/lib\libserial.a(serial.o)
                0x000008fe                serial_write
                0x00000926                serial_read
                0x000009d2                serial_get_qstate
                0x00000a16                serial_put_queue
                0x00000a7e                serial_get_queue
                0x00000ab6                __vector_36
                0x00000b08                std_putchar
                0x00000b5a                std_getchar
                0x00000bd8                serial_initialize
                0x00000c3e                . = ALIGN (0x2)
 *(.text.*)
 .text.parseAll
                0x00000c3e      0x342 DeltaDriver.o
                0x00000c3e                parseAll
 .text.main     0x00000f80      0x2bc DeltaDriver.o
                0x00000f80                main
 .text.pointValid
                0x0000123c       0xfe functions.o
                0x0000123c                pointValid
 .text.lookupAngles
                0x0000133a      0xef2 functions.o
                0x0000133a                lookupAngles
 .text.avr-libc.fplib
                0x0000222c        0xa c:/program files (x86)/atmel/atmel toolchain/avr8 gcc/native/3.4.1061/avr8-gnu-toolchain/bin/../lib/gcc/avr/4.8.1/../../../../avr/lib/avr6\libm.a(addsf3.o)
                0x0000222c                __subsf3
                0x0000222e                __addsf3
 .text.avr-libc.fplib
                0x00002236       0xc0 c:/program files (x86)/atmel/atmel toolchain/avr8 gcc/native/3.4.1061/avr8-gnu-toolchain/bin/../lib/gcc/avr/4.8.1/../../../../avr/lib/avr6\libm.a(addsf3x.o)
                0x00002250                __addsf3x
 .text.avr-libc.fplib
                0x000022f6        0x8 c:/program files (x86)/atmel/atmel toolchain/avr8 gcc/native/3.4.1061/avr8-gnu-toolchain/bin/../lib/gcc/avr/4.8.1/../../../../avr/lib/avr6\libm.a(cmpsf2.o)
                0x000022f6                __nesf2
                0x000022f6                __eqsf2
                0x000022f6                __cmpsf2
                0x000022f6                __ltsf2
                0x000022f6                __lesf2
 .text.avr-libc.fplib
                0x000022fe        0x4 c:/program files (x86)/atmel/atmel toolchain/avr8 gcc/native/3.4.1061/avr8-gnu-toolchain/bin/../lib/gcc/avr/4.8.1/../../../../avr/lib/avr6\libm.a(divsf3.o)
                0x000022fe                __divsf3
 .text.avr-libc.fplib
                0x00002302       0xcc c:/program files (x86)/atmel/atmel toolchain/avr8 gcc/native/3.4.1061/avr8-gnu-toolchain/bin/../lib/gcc/avr/4.8.1/../../../../avr/lib/avr6\libm.a(divsf3x.o)
                0x00002318                __divsf3x
                0x0000231c                __divsf3_pse
 .text.avr-libc.fplib
                0x000023ce        0xa c:/program files (x86)/atmel/atmel toolchain/avr8 gcc/native/3.4.1061/avr8-gnu-toolchain/bin/../lib/gcc/avr/4.8.1/../../../../avr/lib/avr6\libm.a(fixsfsi.o)
                0x000023ce                __fixsfsi
 .text.avr-libc.fplib
                0x000023d8       0x58 c:/program files (x86)/atmel/atmel toolchain/avr8 gcc/native/3.4.1061/avr8-gnu-toolchain/bin/../lib/gcc/avr/4.8.1/../../../../avr/lib/avr6\libm.a(fixunssfsi.o)
                0x000023d8                __fixunssfsi
 .text.avr-libc.fplib
                0x00002430       0x7a c:/program files (x86)/atmel/atmel toolchain/avr8 gcc/native/3.4.1061/avr8-gnu-toolchain/bin/../lib/gcc/avr/4.8.1/../../../../avr/lib/avr6\libm.a(floatsisf.o)
                0x00002430                __floatunsisf
                0x00002434                __floatsisf
 .text.avr-libc.fplib
                0x000024aa       0x48 c:/program files (x86)/atmel/atmel toolchain/avr8 gcc/native/3.4.1061/avr8-gnu-toolchain/bin/../lib/gcc/avr/4.8.1/../../../../avr/lib/avr6\libm.a(fp_cmp.o)
                0x000024aa                __fp_cmp
 .text.avr-libc.fplib
                0x000024f2        0xc c:/program files (x86)/atmel/atmel toolchain/avr8 gcc/native/3.4.1061/avr8-gnu-toolchain/bin/../lib/gcc/avr/4.8.1/../../../../avr/lib/avr6\libm.a(fp_inf.o)
                0x000024f2                __fp_inf
 .text.avr-libc.fplib
                0x000024fe        0x6 c:/program files (x86)/atmel/atmel toolchain/avr8 gcc/native/3.4.1061/avr8-gnu-toolchain/bin/../lib/gcc/avr/4.8.1/../../../../avr/lib/avr6\libm.a(fp_nan.o)
                0x000024fe                __fp_nan
 .text.avr-libc.fplib
                0x00002504        0xe c:/program files (x86)/atmel/atmel toolchain/avr8 gcc/native/3.4.1061/avr8-gnu-toolchain/bin/../lib/gcc/avr/4.8.1/../../../../avr/lib/avr6\libm.a(fp_pscA.o)
                0x00002504                __fp_pscA
 .text.avr-libc.fplib
                0x00002512        0xe c:/program files (x86)/atmel/atmel toolchain/avr8 gcc/native/3.4.1061/avr8-gnu-toolchain/bin/../lib/gcc/avr/4.8.1/../../../../avr/lib/avr6\libm.a(fp_pscB.o)
                0x00002512                __fp_pscB
 .text.avr-libc.fplib
                0x00002520       0x22 c:/program files (x86)/atmel/atmel toolchain/avr8 gcc/native/3.4.1061/avr8-gnu-toolchain/bin/../lib/gcc/avr/4.8.1/../../../../avr/lib/avr6\libm.a(fp_round.o)
                0x00002520                __fp_round
 .text.avr-libc.fplib
                0x00002542       0x44 c:/program files (x86)/atmel/atmel toolchain/avr8 gcc/native/3.4.1061/avr8-gnu-toolchain/bin/../lib/gcc/avr/4.8.1/../../../../avr/lib/avr6\libm.a(fp_split3.o)
                0x00002542                __fp_split3
                0x00002552                __fp_splitA
 .text.avr-libc.fplib
                0x00002586        0xe c:/program files (x86)/atmel/atmel toolchain/avr8 gcc/native/3.4.1061/avr8-gnu-toolchain/bin/../lib/gcc/avr/4.8.1/../../../../avr/lib/avr6\libm.a(fp_zero.o)
                0x00002586                __fp_zero
                0x00002588                __fp_szero
 .text.avr-libc.fplib
                0x00002594        0x8 c:/program files (x86)/atmel/atmel toolchain/avr8 gcc/native/3.4.1061/avr8-gnu-toolchain/bin/../lib/gcc/avr/4.8.1/../../../../avr/lib/avr6\libm.a(gesf2.o)
                0x00002594                __gesf2
                0x00002594                __gtsf2
 .text.avr-libc.fplib
                0x0000259c        0x4 c:/program files (x86)/atmel/atmel toolchain/avr8 gcc/native/3.4.1061/avr8-gnu-toolchain/bin/../lib/gcc/avr/4.8.1/../../../../avr/lib/avr6\libm.a(mulsf3.o)
                0x0000259c                __mulsf3
 .text.avr-libc.fplib
                0x000025a0       0xc2 c:/program files (x86)/atmel/atmel toolchain/avr8 gcc/native/3.4.1061/avr8-gnu-toolchain/bin/../lib/gcc/avr/4.8.1/../../../../avr/lib/avr6\libm.a(mulsf3x.o)
                0x000025b4                __mulsf3x
                0x000025b8                __mulsf3_pse
 .text.avr-libc.fplib
                0x00002662        0x8 c:/program files (x86)/atmel/atmel toolchain/avr8 gcc/native/3.4.1061/avr8-gnu-toolchain/bin/../lib/gcc/avr/4.8.1/../../../../avr/lib/avr6\libm.a(unordsf2.o)
                0x00002662                __unordsf2
 .text.avr-libc
                0x0000266a       0x94 c:/program files (x86)/atmel/atmel toolchain/avr8 gcc/native/3.4.1061/avr8-gnu-toolchain/bin/../lib/gcc/avr/4.8.1/../../../../avr/lib/avr6\libc.a(fdevopen.o)
                0x0000266a                fdevopen
 .text.avr-libc
                0x000026fe       0x7c c:/program files (x86)/atmel/atmel toolchain/avr8 gcc/native/3.4.1061/avr8-gnu-toolchain/bin/../lib/gcc/avr/4.8.1/../../../../avr/lib/avr6\libc.a(fgetc.o)
                0x000026fe                fgetc
 .text.avr-libc
                0x0000277a       0x5a c:/program files (x86)/atmel/atmel toolchain/avr8 gcc/native/3.4.1061/avr8-gnu-toolchain/bin/../lib/gcc/avr/4.8.1/../../../../avr/lib/avr6\libc.a(puts.o)
                0x0000277a                puts
 .text.avr-libc
                0x000027d4       0x34 c:/program files (x86)/atmel/atmel toolchain/avr8 gcc/native/3.4.1061/avr8-gnu-toolchain/bin/../lib/gcc/avr/4.8.1/../../../../avr/lib/avr6\libc.a(calloc.o)
                0x000027d4                calloc
 .text.avr-libc
                0x00002808      0x24e c:/program files (x86)/atmel/atmel toolchain/avr8 gcc/native/3.4.1061/avr8-gnu-toolchain/bin/../lib/gcc/avr/4.8.1/../../../../avr/lib/avr6\libc.a(malloc.o)
                0x00002808                malloc
                0x00002938                free
 .text.avr-libc
                0x00002a56        0xe c:/program files (x86)/atmel/atmel toolchain/avr8 gcc/native/3.4.1061/avr8-gnu-toolchain/bin/../lib/gcc/avr/4.8.1/../../../../avr/lib/avr6\libc.a(memset.o)
                0x00002a56                memset
                0x00002a64                . = ALIGN (0x2)
 *(.fini9)
 .fini9         0x00002a64        0x0 c:/program files (x86)/atmel/atmel toolchain/avr8 gcc/native/3.4.1061/avr8-gnu-toolchain/bin/../lib/gcc/avr/4.8.1/avr6\libgcc.a(_exit.o)
                0x00002a64                _exit
                0x00002a64                exit
 *(.fini9)
 *(.fini8)
 *(.fini8)
 *(.fini7)
 *(.fini7)
 *(.fini6)
 *(.fini6)
 *(.fini5)
 *(.fini5)
 *(.fini4)
 *(.fini4)
 *(.fini3)
 *(.fini3)
 *(.fini2)
 *(.fini2)
 *(.fini1)
 *(.fini1)
 *(.fini0)
 .fini0         0x00002a64        0x4 c:/program files (x86)/atmel/atmel toolchain/avr8 gcc/native/3.4.1061/avr8-gnu-toolchain/bin/../lib/gcc/avr/4.8.1/avr6\libgcc.a(_exit.o)
 *(.fini0)
                0x00002a68                _etext = .

.data           0x00800200     0x1834 load address 0x00002a68
                0x00800200                PROVIDE (__data_start, .)
 *(.data)
 .data          0x00800200        0x2 ../../../CM700_Library/lib\libdynamixel.a(dynamixel.o)
                0x00800200                gbCommStatus
 .data          0x00800202        0x6 c:/program files (x86)/atmel/atmel toolchain/avr8 gcc/native/3.4.1061/avr8-gnu-toolchain/bin/../lib/gcc/avr/4.8.1/../../../../avr/lib/avr6\libc.a(malloc.o)
                0x00800202                __malloc_heap_end
                0x00800204                __malloc_heap_start
                0x00800206                __malloc_margin
 *(.data*)
 .data.signState
                0x00800208        0x2 DeltaDriver.o
                0x00800208                signState
 .data.zBuffer  0x0080020a        0x4 DeltaDriver.o
                0x0080020a                zBuffer
 .data.dataState
                0x0080020e        0x2 DeltaDriver.o
                0x0080020e                dataState
 .data.parseState
                0x00800210        0x2 DeltaDriver.o
                0x00800210                parseState
 .data.INVERSE_TABLE
                0x00800212     0x1800 DeltaDriver.o
 *(.rodata)
 *(.rodata*)
 .rodata.str1.1
                0x00801a12       0x22 DeltaDriver.o
 *(.gnu.linkonce.d*)
                0x00801a34                . = ALIGN (0x2)
                0x00801a34                _edata = .
                0x00801a34                PROVIDE (__data_end, .)

.bss            0x00801a34      0x28c
                0x00801a34                PROVIDE (__bss_start, .)
 *(.bss)
 .bss           0x00801a34       0xea ../../../CM700_Library/lib\libdynamixel.a(dynamixel.o)
                0x00801a34                gbInstructionPacket
                0x00801ad4                gbStatusPacket
                0x00801b1a                gbRxPacketLength
                0x00801b1b                gbRxGetLength
                0x00801b1c                giBusUsing
 .bss           0x00801b1e      0x102 ../../../CM700_Library/lib\libdynamixel.a(dxl_hal.o)
                0x00801b1e                gbDxlBuffer
                0x00801c1e                gbDxlBufferHead
                0x00801c1f                gbDxlBufferTail
 .bss           0x00801c20       0x84 ../../../CM700_Library/lib\libserial.a(serial.o)
                0x00801c20                gbSerialBuffer
                0x00801ca0                gbSerialBufferHead
                0x00801ca1                gbSerialBufferTail
 *(.bss*)
 .bss.yBuffer   0x00801ca4        0x4 DeltaDriver.o
                0x00801ca4                yBuffer
 .bss.xBuffer   0x00801ca8        0x4 DeltaDriver.o
                0x00801ca8                xBuffer
 *(COMMON)
 COMMON         0x00801cac        0xa ../../../CM700_Library/lib\libdynamixel.a(dxl_hal.o)
                0x00801cac                gwReturnDelayCountNum
                0x00801cae                gfByteTransTime_us
                0x00801cb2                gwTimeoutCountNum
                0x00801cb4                gwCountNum
 COMMON         0x00801cb6        0x6 c:/program files (x86)/atmel/atmel toolchain/avr8 gcc/native/3.4.1061/avr8-gnu-toolchain/bin/../lib/gcc/avr/4.8.1/../../../../avr/lib/avr6\libc.a(iob.o)
                0x00801cb6                __iob
 COMMON         0x00801cbc        0x4 c:/program files (x86)/atmel/atmel toolchain/avr8 gcc/native/3.4.1061/avr8-gnu-toolchain/bin/../lib/gcc/avr/4.8.1/../../../../avr/lib/avr6\libc.a(malloc.o)
                0x00801cbc                __brkval
                0x00801cbe                __flp
                0x00801cc0                PROVIDE (__bss_end, .)
                0x00002a68                __data_load_start = LOADADDR (.data)
                0x0000429c                __data_load_end = (__data_load_start + SIZEOF (.data))

.noinit         0x00801cc0        0x0
                0x00801cc0                PROVIDE (__noinit_start, .)
 *(.noinit*)
                0x00801cc0                PROVIDE (__noinit_end, .)
                0x00801cc0                _end = .
                0x00801cc0                PROVIDE (__heap_start, .)

.eeprom         0x00810000        0x0
 *(.eeprom*)
                0x00810000                __eeprom_end = .

.fuse
 *(.fuse)
 *(.lfuse)
 *(.hfuse)
 *(.efuse)

.lock
 *(.lock*)

.signature
 *(.signature*)

.user_signatures
 *(.user_signatures*)

.stab
 *(.stab)

.stabstr
 *(.stabstr)

.stab.excl
 *(.stab.excl)

.stab.exclstr
 *(.stab.exclstr)

.stab.index
 *(.stab.index)

.stab.indexstr
 *(.stab.indexstr)

.comment        0x00000000       0x30
 *(.comment)
 .comment       0x00000000       0x30 DeltaDriver.o
                                 0x31 (size before relaxing)
 .comment       0x00000000       0x31 functions.o
 .comment       0x00000000       0x31 c:/program files (x86)/atmel/atmel toolchain/avr8 gcc/native/3.4.1061/avr8-gnu-toolchain/bin/../lib/gcc/avr/4.8.1/../../../../avr/lib/avr6\libc.a(fdevopen.o)
 .comment       0x00000000       0x31 c:/program files (x86)/atmel/atmel toolchain/avr8 gcc/native/3.4.1061/avr8-gnu-toolchain/bin/../lib/gcc/avr/4.8.1/../../../../avr/lib/avr6\libc.a(fgetc.o)
 .comment       0x00000000       0x31 c:/program files (x86)/atmel/atmel toolchain/avr8 gcc/native/3.4.1061/avr8-gnu-toolchain/bin/../lib/gcc/avr/4.8.1/../../../../avr/lib/avr6\libc.a(iob.o)
 .comment       0x00000000       0x31 c:/program files (x86)/atmel/atmel toolchain/avr8 gcc/native/3.4.1061/avr8-gnu-toolchain/bin/../lib/gcc/avr/4.8.1/../../../../avr/lib/avr6\libc.a(puts.o)
 .comment       0x00000000       0x31 c:/program files (x86)/atmel/atmel toolchain/avr8 gcc/native/3.4.1061/avr8-gnu-toolchain/bin/../lib/gcc/avr/4.8.1/../../../../avr/lib/avr6\libc.a(calloc.o)
 .comment       0x00000000       0x31 c:/program files (x86)/atmel/atmel toolchain/avr8 gcc/native/3.4.1061/avr8-gnu-toolchain/bin/../lib/gcc/avr/4.8.1/../../../../avr/lib/avr6\libc.a(malloc.o)

.note.gnu.build-id
 *(.note.gnu.build-id)

.debug
 *(.debug)

.line
 *(.line)

.debug_srcinfo
 *(.debug_srcinfo)

.debug_sfnames
 *(.debug_sfnames)

.debug_aranges  0x00000000      0x138
 *(.debug_aranges)
 .debug_aranges
                0x00000000       0x38 DeltaDriver.o
 .debug_aranges
                0x00000038       0xa0 functions.o
 .debug_aranges
                0x000000d8       0x20 ../../../CM700_Library/lib\libdynamixel.a(dynamixel.o)
 .debug_aranges
                0x000000f8       0x20 ../../../CM700_Library/lib\libdynamixel.a(dxl_hal.o)
 .debug_aranges
                0x00000118       0x20 ../../../CM700_Library/lib\libserial.a(serial.o)

.debug_pubnames
                0x00000000      0x4bb
 *(.debug_pubnames)
 .debug_pubnames
                0x00000000      0x24f ../../../CM700_Library/lib\libdynamixel.a(dynamixel.o)
 .debug_pubnames
                0x0000024f      0x172 ../../../CM700_Library/lib\libdynamixel.a(dxl_hal.o)
 .debug_pubnames
                0x000003c1       0xfa ../../../CM700_Library/lib\libserial.a(serial.o)

.debug_info     0x00000000     0x2752
 *(.debug_info .gnu.linkonce.wi.*)
 .debug_info    0x00000000      0x761 DeltaDriver.o
 .debug_info    0x00000761     0x10c6 functions.o
 .debug_info    0x00001827      0x5d9 ../../../CM700_Library/lib\libdynamixel.a(dynamixel.o)
 .debug_info    0x00001e00      0x486 ../../../CM700_Library/lib\libdynamixel.a(dxl_hal.o)
 .debug_info    0x00002286      0x4cc ../../../CM700_Library/lib\libserial.a(serial.o)

.debug_abbrev   0x00000000      0xbd6
 *(.debug_abbrev)
 .debug_abbrev  0x00000000      0x28a DeltaDriver.o
 .debug_abbrev  0x0000028a      0x38b functions.o
 .debug_abbrev  0x00000615      0x21d ../../../CM700_Library/lib\libdynamixel.a(dynamixel.o)
 .debug_abbrev  0x00000832      0x173 ../../../CM700_Library/lib\libdynamixel.a(dxl_hal.o)
 .debug_abbrev  0x000009a5      0x231 ../../../CM700_Library/lib\libserial.a(serial.o)

.debug_line     0x00000000     0x1dbf
 *(.debug_line .debug_line.* .debug_line_end)
 .debug_line    0x00000000      0x562 DeltaDriver.o
 .debug_line    0x00000562      0xc5c functions.o
 .debug_line    0x000011be      0x533 ../../../CM700_Library/lib\libdynamixel.a(dynamixel.o)
 .debug_line    0x000016f1      0x38e ../../../CM700_Library/lib\libdynamixel.a(dxl_hal.o)
 .debug_line    0x00001a7f      0x340 ../../../CM700_Library/lib\libserial.a(serial.o)

.debug_frame    0x00000000      0x88c
 *(.debug_frame)
 .debug_frame   0x00000000       0x78 DeltaDriver.o
 .debug_frame   0x00000078      0x554 functions.o
 .debug_frame   0x000005cc      0x160 ../../../CM700_Library/lib\libdynamixel.a(dynamixel.o)
 .debug_frame   0x0000072c       0xc0 ../../../CM700_Library/lib\libdynamixel.a(dxl_hal.o)
 .debug_frame   0x000007ec       0xa0 ../../../CM700_Library/lib\libserial.a(serial.o)

.debug_str      0x00000000     0x97dd
 *(.debug_str)
 .debug_str     0x00000000     0x9142 DeltaDriver.o
                               0x9313 (size before relaxing)
 .debug_str     0x00009142      0x1da functions.o
                               0x4c61 (size before relaxing)
 .debug_str     0x0000931c      0x227 ../../../CM700_Library/lib\libdynamixel.a(dynamixel.o)
                                0x2c2 (size before relaxing)
 .debug_str     0x00009543      0x1a0 ../../../CM700_Library/lib\libdynamixel.a(dxl_hal.o)
                                0x29d (size before relaxing)
 .debug_str     0x000096e3       0xfa ../../../CM700_Library/lib\libserial.a(serial.o)
                                0x1c6 (size before relaxing)

.debug_loc      0x00000000     0x33b1
 *(.debug_loc)
 .debug_loc     0x00000000      0x20f DeltaDriver.o
 .debug_loc     0x0000020f     0x29c7 functions.o
 .debug_loc     0x00002bd6      0x358 ../../../CM700_Library/lib\libdynamixel.a(dynamixel.o)
 .debug_loc     0x00002f2e      0x29e ../../../CM700_Library/lib\libdynamixel.a(dxl_hal.o)
 .debug_loc     0x000031cc      0x1e5 ../../../CM700_Library/lib\libserial.a(serial.o)

.debug_macinfo
 *(.debug_macinfo)

.debug_weaknames
 *(.debug_weaknames)

.debug_funcnames
 *(.debug_funcnames)

.debug_typenames
 *(.debug_typenames)

.debug_varnames
 *(.debug_varnames)

.debug_pubtypes
 *(.debug_pubtypes)

.debug_ranges   0x00000000       0xd0
 *(.debug_ranges)
 .debug_ranges  0x00000000       0x28 DeltaDriver.o
 .debug_ranges  0x00000028       0xa8 functions.o

.debug_macro    0x00000000     0x37c1
 *(.debug_macro)
 .debug_macro   0x00000000      0x189 DeltaDriver.o
 .debug_macro   0x00000189      0xa5a DeltaDriver.o
 .debug_macro   0x00000be3       0x10 DeltaDriver.o
 .debug_macro   0x00000bf3      0x1ad DeltaDriver.o
 .debug_macro   0x00000da0      0x293 DeltaDriver.o
 .debug_macro   0x00001033       0x9e DeltaDriver.o
 .debug_macro   0x000010d1     0x18ab DeltaDriver.o
 .debug_macro   0x0000297c       0xdc DeltaDriver.o
 .debug_macro   0x00002a58      0x20a DeltaDriver.o
 .debug_macro   0x00002c62       0xd9 DeltaDriver.o
 .debug_macro   0x00002d3b       0x34 DeltaDriver.o
 .debug_macro   0x00002d6f       0x18 DeltaDriver.o
 .debug_macro   0x00002d87       0x6c DeltaDriver.o
 .debug_macro   0x00002df3       0x10 DeltaDriver.o
 .debug_macro   0x00002e03      0x16d DeltaDriver.o
 .debug_macro   0x00002f70       0x69 DeltaDriver.o
 .debug_macro   0x00002fd9       0xa0 DeltaDriver.o
 .debug_macro   0x00003079       0x58 DeltaDriver.o
 .debug_macro   0x000030d1       0x10 DeltaDriver.o
 .debug_macro   0x000030e1       0x97 DeltaDriver.o
 .debug_macro   0x00003178       0xeb DeltaDriver.o
 .debug_macro   0x00003263       0x1c DeltaDriver.o
 .debug_macro   0x0000327f       0x97 DeltaDriver.o
 .debug_macro   0x00003316       0x60 DeltaDriver.o
 .debug_macro   0x00003376      0x183 DeltaDriver.o
 .debug_macro   0x000034f9       0x64 DeltaDriver.o
 .debug_macro   0x0000355d       0x97 functions.o
 .debug_macro   0x000035f4       0x66 functions.o
 .debug_macro   0x0000365a      0x167 functions.o
OUTPUT(DeltaDriver.elf elf32-avr)
LOAD linker stubs
